[    0.000000] Linux version 6.1.38-2-lts (linux-lts@archlinux) (gcc (GCC) 13.1.1 20230714, GNU ld (GNU Binutils) 2.40.0) #1 SMP PREEMPT_DYNAMIC Sat, 15 Jul 2023 19:51:05 +0000
[    0.000000] Command line: BOOT_IMAGE=/vmlinuz-linux-lts root=UUID=5d7a5322-a75a-48e1-b3b6-67fd432a9dce rw loglevel=3
[    0.000000] x86/fpu: Supporting XSAVE feature 0x001: 'x87 floating point registers'
[    0.000000] x86/fpu: Supporting XSAVE feature 0x002: 'SSE registers'
[    0.000000] x86/fpu: Supporting XSAVE feature 0x004: 'AVX registers'
[    0.000000] x86/fpu: Supporting XSAVE feature 0x008: 'MPX bounds registers'
[    0.000000] x86/fpu: Supporting XSAVE feature 0x010: 'MPX CSR'
[    0.000000] x86/fpu: xstate_offset[2]:  576, xstate_sizes[2]:  256
[    0.000000] x86/fpu: xstate_offset[3]:  832, xstate_sizes[3]:   64
[    0.000000] x86/fpu: xstate_offset[4]:  896, xstate_sizes[4]:   64
[    0.000000] x86/fpu: Enabled xstate features 0x1f, context size is 960 bytes, using 'compacted' format.
[    0.000000] signal: max sigframe size: 2032
[    0.000000] BIOS-provided physical RAM map:
[    0.000000] BIOS-e820: [mem 0x0000000000000000-0x0000000000057fff] usable
[    0.000000] BIOS-e820: [mem 0x0000000000058000-0x0000000000058fff] reserved
[    0.000000] BIOS-e820: [mem 0x0000000000059000-0x000000000009dfff] usable
[    0.000000] BIOS-e820: [mem 0x000000000009e000-0x00000000000fffff] reserved
[    0.000000] BIOS-e820: [mem 0x0000000000100000-0x0000000065b58fff] usable
[    0.000000] BIOS-e820: [mem 0x0000000065b59000-0x0000000065b59fff] ACPI NVS
[    0.000000] BIOS-e820: [mem 0x0000000065b5a000-0x0000000065b5afff] reserved
[    0.000000] BIOS-e820: [mem 0x0000000065b5b000-0x0000000069ddbfff] usable
[    0.000000] BIOS-e820: [mem 0x0000000069ddc000-0x000000006a88afff] reserved
[    0.000000] BIOS-e820: [mem 0x000000006a88b000-0x000000006a91cfff] usable
[    0.000000] BIOS-e820: [mem 0x000000006a91d000-0x000000006ad1cfff] ACPI NVS
[    0.000000] BIOS-e820: [mem 0x000000006ad1d000-0x000000006b3a3fff] reserved
[    0.000000] BIOS-e820: [mem 0x000000006b3a4000-0x000000006b3fefff] type 20
[    0.000000] BIOS-e820: [mem 0x000000006b3ff000-0x000000006b3fffff] usable
[    0.000000] BIOS-e820: [mem 0x000000006b400000-0x000000006fffffff] reserved
[    0.000000] BIOS-e820: [mem 0x00000000e0000000-0x00000000efffffff] reserved
[    0.000000] BIOS-e820: [mem 0x00000000fe000000-0x00000000fe010fff] reserved
[    0.000000] BIOS-e820: [mem 0x00000000fec00000-0x00000000fec00fff] reserved
[    0.000000] BIOS-e820: [mem 0x00000000fed00000-0x00000000fed00fff] reserved
[    0.000000] BIOS-e820: [mem 0x00000000fee00000-0x00000000fee00fff] reserved
[    0.000000] BIOS-e820: [mem 0x00000000ff000000-0x00000000ffffffff] reserved
[    0.000000] BIOS-e820: [mem 0x0000000100000000-0x000000048effffff] usable
[    0.000000] NX (Execute Disable) protection: active
[    0.000000] efi: EFI v2.50 by American Megatrends
[    0.000000] efi: TPMFinalLog=0x6ad05000 ACPI 2.0=0x6a91d000 ACPI=0x6a91d000 SMBIOS=0x6b317000 SMBIOS 3.0=0x6b316000 ESRT=0x68ca1518 
[    0.000000] SMBIOS 3.0.0 present.
[    0.000000] DMI: Notebook                         N85_N87,HJ,HJ1,HK1/N85_N87,HJ,HJ1,HK1, BIOS 1.05.10 03/23/2017
[    0.000000] tsc: Detected 2500.000 MHz processor
[    0.000000] tsc: Detected 2499.952 MHz TSC
[    0.007241] e820: update [mem 0x00000000-0x00000fff] usable ==> reserved
[    0.007244] e820: remove [mem 0x000a0000-0x000fffff] usable
[    0.007255] last_pfn = 0x48f000 max_arch_pfn = 0x400000000
[    0.007464] x86/PAT: Configuration [0-7]: WB  WC  UC- UC  WB  WP  UC- WT  
[    0.008022] last_pfn = 0x6b400 max_arch_pfn = 0x400000000
[    0.051743] esrt: Reserving ESRT space from 0x0000000068ca1518 to 0x0000000068ca1550.
[    0.051748] e820: update [mem 0x68ca1000-0x68ca1fff] usable ==> reserved
[    0.051766] Using GB pages for direct mapping
[    0.052444] Secure boot disabled
[    0.052444] RAMDISK: [mem 0x36295000-0x37141fff]
[    0.052448] ACPI: Early table checksum verification disabled
[    0.052450] ACPI: RSDP 0x000000006A91D000 000024 (v02 ALASKA)
[    0.052455] ACPI: XSDT 0x000000006A91D0B0 0000E4 (v01 ALASKA A M I    01072009 AMI  00010013)
[    0.052460] ACPI: FACP 0x000000006A939F58 000114 (v06 ALASKA A M I    01072009 AMI  00010013)
[    0.052466] ACPI: DSDT 0x000000006A91D230 01CD26 (v02 ALASKA A M I    01072009 INTL 20160422)
[    0.052470] ACPI: FACS 0x000000006AD04C40 000040
[    0.052472] ACPI: APIC 0x000000006A93A070 000084 (v03 ALASKA A M I    01072009 AMI  00010013)
[    0.052476] ACPI: FPDT 0x000000006A93A0F8 000044 (v01 ALASKA A M I    01072009 AMI  00010013)
[    0.052479] ACPI: MCFG 0x000000006A93A140 00003C (v01 ALASKA A M I    01072009 MSFT 00000097)
[    0.052482] ACPI: SSDT 0x000000006A93A180 000322 (v01 SataRe SataTabl 00001000 INTL 20160422)
[    0.052485] ACPI: FIDT 0x000000006A93A4A8 00009C (v01 ALASKA A M I    01072009 AMI  00010013)
[    0.052488] ACPI: SSDT 0x000000006A93A548 00324B (v02 SaSsdt SaSsdt   00003000 INTL 20160422)
[    0.052492] ACPI: SSDT 0x000000006A93D798 002A71 (v02 PegSsd PegSsdt  00001000 INTL 20160422)
[    0.052495] ACPI: HPET 0x000000006A940210 000038 (v01 INTEL  KBL      00000001 MSFT 0000005F)
[    0.052498] ACPI: SSDT 0x000000006A940248 0008FE (v02 INTEL  xh_rvp11 00000000 INTL 20160422)
[    0.052501] ACPI: UEFI 0x000000006A940B48 000042 (v01 INTEL  EDK2     00000002      01000013)
[    0.052504] ACPI: SSDT 0x000000006A940B90 000EDE (v02 CpuRef CpuSsdt  00003000 INTL 20160422)
[    0.052507] ACPI: LPIT 0x000000006A941A70 000094 (v01 INTEL  KBL      00000000 MSFT 0000005F)
[    0.052510] ACPI: WSMT 0x000000006A941B08 000028 (v01 INTEL  KBL      00000000 MSFT 0000005F)
[    0.052513] ACPI: SSDT 0x000000006A941B30 00029F (v02 INTEL  sensrhub 00000000 INTL 20160422)
[    0.052516] ACPI: SSDT 0x000000006A941DD0 003002 (v02 INTEL  PtidDevc 00001000 INTL 20160422)
[    0.052519] ACPI: DBGP 0x000000006A944DD8 000034 (v01 INTEL           00000002 MSFT 0000005F)
[    0.052523] ACPI: DBG2 0x000000006A944E10 000054 (v00 INTEL           00000002 MSFT 0000005F)
[    0.052526] ACPI: BGRT 0x000000006A944E68 000038 (v01 ALASKA A M I    01072009 AMI  00010013)
[    0.052529] ACPI: SSDT 0x000000006A944EA0 0000AE (v02 SgRef  SgPeg    00001000 INTL 20160422)
[    0.052532] ACPI: DMAR 0x000000006A944F50 0000A8 (v01 INTEL  KBL      00000001 INTL 00000001)
[    0.052535] ACPI: TPM2 0x000000006A944FF8 000034 (v03        Tpm2Tabl 00000001 AMI  00000000)
[    0.052539] ACPI: SSDT 0x000000006A945030 00205D (v01 OptRef OptTabl  00001000 INTL 20160422)
[    0.052542] ACPI: ASF! 0x000000006A947090 0000A0 (v32 INTEL   HCG     00000001 TFSM 000F4240)
[    0.052544] ACPI: Reserving FACP table memory at [mem 0x6a939f58-0x6a93a06b]
[    0.052546] ACPI: Reserving DSDT table memory at [mem 0x6a91d230-0x6a939f55]
[    0.052547] ACPI: Reserving FACS table memory at [mem 0x6ad04c40-0x6ad04c7f]
[    0.052548] ACPI: Reserving APIC table memory at [mem 0x6a93a070-0x6a93a0f3]
[    0.052549] ACPI: Reserving FPDT table memory at [mem 0x6a93a0f8-0x6a93a13b]
[    0.052550] ACPI: Reserving MCFG table memory at [mem 0x6a93a140-0x6a93a17b]
[    0.052551] ACPI: Reserving SSDT table memory at [mem 0x6a93a180-0x6a93a4a1]
[    0.052552] ACPI: Reserving FIDT table memory at [mem 0x6a93a4a8-0x6a93a543]
[    0.052553] ACPI: Reserving SSDT table memory at [mem 0x6a93a548-0x6a93d792]
[    0.052554] ACPI: Reserving SSDT table memory at [mem 0x6a93d798-0x6a940208]
[    0.052555] ACPI: Reserving HPET table memory at [mem 0x6a940210-0x6a940247]
[    0.052556] ACPI: Reserving SSDT table memory at [mem 0x6a940248-0x6a940b45]
[    0.052557] ACPI: Reserving UEFI table memory at [mem 0x6a940b48-0x6a940b89]
[    0.052558] ACPI: Reserving SSDT table memory at [mem 0x6a940b90-0x6a941a6d]
[    0.052559] ACPI: Reserving LPIT table memory at [mem 0x6a941a70-0x6a941b03]
[    0.052560] ACPI: Reserving WSMT table memory at [mem 0x6a941b08-0x6a941b2f]
[    0.052561] ACPI: Reserving SSDT table memory at [mem 0x6a941b30-0x6a941dce]
[    0.052562] ACPI: Reserving SSDT table memory at [mem 0x6a941dd0-0x6a944dd1]
[    0.052563] ACPI: Reserving DBGP table memory at [mem 0x6a944dd8-0x6a944e0b]
[    0.052563] ACPI: Reserving DBG2 table memory at [mem 0x6a944e10-0x6a944e63]
[    0.052564] ACPI: Reserving BGRT table memory at [mem 0x6a944e68-0x6a944e9f]
[    0.052565] ACPI: Reserving SSDT table memory at [mem 0x6a944ea0-0x6a944f4d]
[    0.052566] ACPI: Reserving DMAR table memory at [mem 0x6a944f50-0x6a944ff7]
[    0.052567] ACPI: Reserving TPM2 table memory at [mem 0x6a944ff8-0x6a94502b]
[    0.052568] ACPI: Reserving SSDT table memory at [mem 0x6a945030-0x6a94708c]
[    0.052569] ACPI: Reserving ASF! table memory at [mem 0x6a947090-0x6a94712f]
[    0.052671] No NUMA configuration found
[    0.052672] Faking a node at [mem 0x0000000000000000-0x000000048effffff]
[    0.052676] NODE_DATA(0) allocated [mem 0x48effb000-0x48effffff]
[    0.052713] Zone ranges:
[    0.052714]   DMA      [mem 0x0000000000001000-0x0000000000ffffff]
[    0.052716]   DMA32    [mem 0x0000000001000000-0x00000000ffffffff]
[    0.052718]   Normal   [mem 0x0000000100000000-0x000000048effffff]
[    0.052720]   Device   empty
[    0.052720] Movable zone start for each node
[    0.052721] Early memory node ranges
[    0.052722]   node   0: [mem 0x0000000000001000-0x0000000000057fff]
[    0.052723]   node   0: [mem 0x0000000000059000-0x000000000009dfff]
[    0.052724]   node   0: [mem 0x0000000000100000-0x0000000065b58fff]
[    0.052725]   node   0: [mem 0x0000000065b5b000-0x0000000069ddbfff]
[    0.052726]   node   0: [mem 0x000000006a88b000-0x000000006a91cfff]
[    0.052727]   node   0: [mem 0x000000006b3ff000-0x000000006b3fffff]
[    0.052728]   node   0: [mem 0x0000000100000000-0x000000048effffff]
[    0.052731] Initmem setup node 0 [mem 0x0000000000001000-0x000000048effffff]
[    0.052735] On node 0, zone DMA: 1 pages in unavailable ranges
[    0.052737] On node 0, zone DMA: 1 pages in unavailable ranges
[    0.052759] On node 0, zone DMA: 98 pages in unavailable ranges
[    0.055181] On node 0, zone DMA32: 2 pages in unavailable ranges
[    0.055210] On node 0, zone DMA32: 2735 pages in unavailable ranges
[    0.055237] On node 0, zone DMA32: 2786 pages in unavailable ranges
[    0.076530] On node 0, zone Normal: 19456 pages in unavailable ranges
[    0.076569] On node 0, zone Normal: 4096 pages in unavailable ranges
[    0.076590] Reserving Intel graphics memory at [mem 0x6c000000-0x6fffffff]
[    0.076775] ACPI: PM-Timer IO Port: 0x1808
[    0.076781] ACPI: LAPIC_NMI (acpi_id[0x01] high edge lint[0x1])
[    0.076783] ACPI: LAPIC_NMI (acpi_id[0x02] high edge lint[0x1])
[    0.076784] ACPI: LAPIC_NMI (acpi_id[0x03] high edge lint[0x1])
[    0.076785] ACPI: LAPIC_NMI (acpi_id[0x04] high edge lint[0x1])
[    0.076811] IOAPIC[0]: apic_id 2, version 32, address 0xfec00000, GSI 0-119
[    0.076814] ACPI: INT_SRC_OVR (bus 0 bus_irq 0 global_irq 2 dfl dfl)
[    0.076816] ACPI: INT_SRC_OVR (bus 0 bus_irq 9 global_irq 9 high level)
[    0.076820] ACPI: Using ACPI (MADT) for SMP configuration information
[    0.076822] ACPI: HPET id: 0x8086a201 base: 0xfed00000
[    0.076828] e820: update [mem 0x67101000-0x6717cfff] usable ==> reserved
[    0.076843] [Firmware Bug]: TSC_DEADLINE disabled due to Errata; please update microcode to version: 0x52 (or later)
[    0.076845] smpboot: Allowing 4 CPUs, 0 hotplug CPUs
[    0.076866] PM: hibernation: Registered nosave memory: [mem 0x00000000-0x00000fff]
[    0.076869] PM: hibernation: Registered nosave memory: [mem 0x00058000-0x00058fff]
[    0.076871] PM: hibernation: Registered nosave memory: [mem 0x0009e000-0x000fffff]
[    0.076873] PM: hibernation: Registered nosave memory: [mem 0x65b59000-0x65b59fff]
[    0.076874] PM: hibernation: Registered nosave memory: [mem 0x65b5a000-0x65b5afff]
[    0.076876] PM: hibernation: Registered nosave memory: [mem 0x67101000-0x6717cfff]
[    0.076878] PM: hibernation: Registered nosave memory: [mem 0x68ca1000-0x68ca1fff]
[    0.076880] PM: hibernation: Registered nosave memory: [mem 0x69ddc000-0x6a88afff]
[    0.076882] PM: hibernation: Registered nosave memory: [mem 0x6a91d000-0x6ad1cfff]
[    0.076883] PM: hibernation: Registered nosave memory: [mem 0x6ad1d000-0x6b3a3fff]
[    0.076883] PM: hibernation: Registered nosave memory: [mem 0x6b3a4000-0x6b3fefff]
[    0.076885] PM: hibernation: Registered nosave memory: [mem 0x6b400000-0x6fffffff]
[    0.076886] PM: hibernation: Registered nosave memory: [mem 0x70000000-0xdfffffff]
[    0.076887] PM: hibernation: Registered nosave memory: [mem 0xe0000000-0xefffffff]
[    0.076888] PM: hibernation: Registered nosave memory: [mem 0xf0000000-0xfdffffff]
[    0.076888] PM: hibernation: Registered nosave memory: [mem 0xfe000000-0xfe010fff]
[    0.076889] PM: hibernation: Registered nosave memory: [mem 0xfe011000-0xfebfffff]
[    0.076890] PM: hibernation: Registered nosave memory: [mem 0xfec00000-0xfec00fff]
[    0.076891] PM: hibernation: Registered nosave memory: [mem 0xfec01000-0xfecfffff]
[    0.076891] PM: hibernation: Registered nosave memory: [mem 0xfed00000-0xfed00fff]
[    0.076892] PM: hibernation: Registered nosave memory: [mem 0xfed01000-0xfedfffff]
[    0.076893] PM: hibernation: Registered nosave memory: [mem 0xfee00000-0xfee00fff]
[    0.076894] PM: hibernation: Registered nosave memory: [mem 0xfee01000-0xfeffffff]
[    0.076894] PM: hibernation: Registered nosave memory: [mem 0xff000000-0xffffffff]
[    0.076896] [mem 0x70000000-0xdfffffff] available for PCI devices
[    0.076897] Booting paravirtualized kernel on bare hardware
[    0.076899] clocksource: refined-jiffies: mask: 0xffffffff max_cycles: 0xffffffff, max_idle_ns: 6370452778343963 ns
[    0.083413] setup_percpu: NR_CPUS:320 nr_cpumask_bits:4 nr_cpu_ids:4 nr_node_ids:1
[    0.083567] percpu: Embedded 63 pages/cpu s221184 r8192 d28672 u524288
[    0.083574] pcpu-alloc: s221184 r8192 d28672 u524288 alloc=1*2097152
[    0.083577] pcpu-alloc: [0] 0 1 2 3 
[    0.083598] Fallback order for Node 0: 0 
[    0.083601] Built 1 zonelists, mobility grouping on.  Total pages: 4099891
[    0.083602] Policy zone: Normal
[    0.083603] Kernel command line: BOOT_IMAGE=/vmlinuz-linux-lts root=UUID=5d7a5322-a75a-48e1-b3b6-67fd432a9dce rw loglevel=3
[    0.083656] Unknown kernel command line parameters "BOOT_IMAGE=/vmlinuz-linux-lts", will be passed to user space.
[    0.083676] random: crng init done
[    0.084535] Dentry cache hash table entries: 2097152 (order: 12, 16777216 bytes, linear)
[    0.084948] Inode-cache hash table entries: 1048576 (order: 11, 8388608 bytes, linear)
[    0.085120] mem auto-init: stack:all(zero), heap alloc:on, heap free:off
[    0.085130] software IO TLB: area num 4.
[    0.124608] Memory: 16175488K/16660516K available (16391K kernel code, 2138K rwdata, 11072K rodata, 2148K init, 5356K bss, 484768K reserved, 0K cma-reserved)
[    0.124729] SLUB: HWalign=64, Order=0-3, MinObjects=0, CPUs=4, Nodes=1
[    0.124741] Kernel/User page tables isolation: enabled
[    0.124756] ftrace: allocating 46458 entries in 182 pages
[    0.133469] ftrace: allocated 182 pages with 5 groups
[    0.134228] Dynamic Preempt: voluntary
[    0.134256] rcu: Preemptible hierarchical RCU implementation.
[    0.134257] rcu: 	RCU restricting CPUs from NR_CPUS=320 to nr_cpu_ids=4.
[    0.134259] 	Trampoline variant of Tasks RCU enabled.
[    0.134259] 	Rude variant of Tasks RCU enabled.
[    0.134260] 	Tracing variant of Tasks RCU enabled.
[    0.134260] rcu: RCU calculated value of scheduler-enlistment delay is 30 jiffies.
[    0.134261] rcu: Adjusting geometry for rcu_fanout_leaf=16, nr_cpu_ids=4
[    0.139287] NR_IRQS: 20736, nr_irqs: 1024, preallocated irqs: 16
[    0.139488] rcu: srcu_init: Setting srcu_struct sizes based on contention.
[    0.139699] kfence: initialized - using 2097152 bytes for 255 objects at 0x(____ptrval____)-0x(____ptrval____)
[    0.139726] Console: colour dummy device 80x25
[    0.139747] printk: console [tty0] enabled
[    0.139767] ACPI: Core revision 20220331
[    0.140002] clocksource: hpet: mask: 0xffffffff max_cycles: 0xffffffff, max_idle_ns: 79635855245 ns
[    0.140071] APIC: Switch to symmetric I/O mode setup
[    0.140073] DMAR: Host address width 39
[    0.140075] DMAR: DRHD base: 0x000000fed90000 flags: 0x0
[    0.140081] DMAR: dmar0: reg_base_addr fed90000 ver 1:0 cap 1c0000c40660462 ecap 19e2ff0505e
[    0.140084] DMAR: DRHD base: 0x000000fed91000 flags: 0x1
[    0.140088] DMAR: dmar1: reg_base_addr fed91000 ver 1:0 cap d2008c40660462 ecap f050da
[    0.140090] DMAR: RMRR base: 0x0000006a218000 end: 0x0000006a237fff
[    0.140092] DMAR: RMRR base: 0x0000006b800000 end: 0x0000006fffffff
[    0.140094] DMAR-IR: IOAPIC id 2 under DRHD base  0xfed91000 IOMMU 1
[    0.140096] DMAR-IR: HPET id 0 under DRHD base 0xfed91000
[    0.140097] DMAR-IR: Queued invalidation will be enabled to support x2apic and Intr-remapping.
[    0.141665] DMAR-IR: Enabled IRQ remapping in x2apic mode
[    0.141667] x2apic enabled
[    0.141680] Switched APIC routing to cluster x2apic.
[    0.145612] ..TIMER: vector=0x30 apic1=0 pin1=2 apic2=-1 pin2=-1
[    0.160012] clocksource: tsc-early: mask: 0xffffffffffffffff max_cycles: 0x24090c9bc00, max_idle_ns: 440795288559 ns
[    0.160017] Calibrating delay loop (skipped), value calculated using timer frequency.. 5001.23 BogoMIPS (lpj=8333173)
[    0.160020] pid_max: default: 32768 minimum: 301
[    0.162713] LSM: Security Framework initializing
[    0.162720] landlock: Up and running.
[    0.162721] Yama: becoming mindful.
[    0.162730] LSM support for eBPF active
[    0.162768] Mount-cache hash table entries: 32768 (order: 6, 262144 bytes, linear)
[    0.162793] Mountpoint-cache hash table entries: 32768 (order: 6, 262144 bytes, linear)
[    0.163028] x86/cpu: SGX disabled by BIOS.
[    0.163034] CPU0: Thermal monitoring enabled (TM1)
[    0.163066] process: using mwait in idle threads
[    0.163068] Last level iTLB entries: 4KB 128, 2MB 8, 4MB 8
[    0.163070] Last level dTLB entries: 4KB 64, 2MB 0, 4MB 0, 1GB 4
[    0.163073] Spectre V1 : Mitigation: usercopy/swapgs barriers and __user pointer sanitization
[    0.163075] Spectre V2 : Mitigation: Retpolines
[    0.163076] Spectre V2 : Spectre v2 / SpectreRSB mitigation: Filling RSB on context switch
[    0.163077] Spectre V2 : Spectre v2 / SpectreRSB : Filling RSB on VMEXIT
[    0.163077] RETBleed: WARNING: Spectre v2 mitigation leaves CPU vulnerable to RETBleed attacks, data leaks possible!
[    0.163078] RETBleed: Vulnerable
[    0.163079] Speculative Store Bypass: Vulnerable
[    0.163084] MDS: Vulnerable: Clear CPU buffers attempted, no microcode
[    0.163085] MMIO Stale Data: Vulnerable: Clear CPU buffers attempted, no microcode
[    0.163086] SRBDS: Vulnerable: No microcode
[    0.182449] Freeing SMP alternatives memory: 40K
[    0.183411] smpboot: CPU0: Intel(R) Core(TM) i5-7300HQ CPU @ 2.50GHz (family: 0x6, model: 0x9e, stepping: 0x9)
[    0.183555] cblist_init_generic: Setting adjustable number of callback queues.
[    0.183556] cblist_init_generic: Setting shift to 2 and lim to 1.
[    0.183571] cblist_init_generic: Setting shift to 2 and lim to 1.
[    0.183586] cblist_init_generic: Setting shift to 2 and lim to 1.
[    0.183597] Performance Events: PEBS fmt3+, Skylake events, 32-deep LBR, full-width counters, Intel PMU driver.
[    0.183623] ... version:                4
[    0.183624] ... bit width:              48
[    0.183624] ... generic registers:      8
[    0.183625] ... value mask:             0000ffffffffffff
[    0.183626] ... max period:             00007fffffffffff
[    0.183627] ... fixed-purpose events:   3
[    0.183628] ... event mask:             00000007000000ff
[    0.183768] Estimated ratio of average max frequency by base frequency (times 1024): 1269
[    0.183788] rcu: Hierarchical SRCU implementation.
[    0.183789] rcu: 	Max phase no-delay instances is 1000.
[    0.184481] NMI watchdog: Enabled. Permanently consumes one hw-PMU counter.
[    0.184532] smp: Bringing up secondary CPUs ...
[    0.184624] x86: Booting SMP configuration:
[    0.184625] .... node  #0, CPUs:      #1 #2 #3
[    0.185054] smp: Brought up 1 node, 4 CPUs
[    0.185054] smpboot: Max logical packages: 1
[    0.185054] smpboot: Total of 4 processors activated (20007.93 BogoMIPS)
[    0.187178] devtmpfs: initialized
[    0.187178] x86/mm: Memory block size: 128MB
[    0.187832] ACPI: PM: Registering ACPI NVS region [mem 0x65b59000-0x65b59fff] (4096 bytes)
[    0.187832] ACPI: PM: Registering ACPI NVS region [mem 0x6a91d000-0x6ad1cfff] (4194304 bytes)
[    0.187832] clocksource: jiffies: mask: 0xffffffff max_cycles: 0xffffffff, max_idle_ns: 6370867519511994 ns
[    0.187832] futex hash table entries: 1024 (order: 4, 65536 bytes, linear)
[    0.187832] pinctrl core: initialized pinctrl subsystem
[    0.187832] PM: RTC time: 08:53:22, date: 2023-07-20
[    0.187832] NET: Registered PF_NETLINK/PF_ROUTE protocol family
[    0.187832] DMA: preallocated 2048 KiB GFP_KERNEL pool for atomic allocations
[    0.187832] DMA: preallocated 2048 KiB GFP_KERNEL|GFP_DMA pool for atomic allocations
[    0.190087] DMA: preallocated 2048 KiB GFP_KERNEL|GFP_DMA32 pool for atomic allocations
[    0.190110] audit: initializing netlink subsys (disabled)
[    0.190147] audit: type=2000 audit(1689843202.049:1): state=initialized audit_enabled=0 res=1
[    0.190147] thermal_sys: Registered thermal governor 'fair_share'
[    0.190147] thermal_sys: Registered thermal governor 'bang_bang'
[    0.190147] thermal_sys: Registered thermal governor 'step_wise'
[    0.190147] thermal_sys: Registered thermal governor 'user_space'
[    0.190147] thermal_sys: Registered thermal governor 'power_allocator'
[    0.190147] cpuidle: using governor ladder
[    0.190147] cpuidle: using governor menu
[    0.190170] ACPI FADT declares the system doesn't support PCIe ASPM, so disable it
[    0.190170] acpiphp: ACPI Hot Plug PCI Controller Driver version: 0.5
[    0.190170] PCI: MMCONFIG for domain 0000 [bus 00-ff] at [mem 0xe0000000-0xefffffff] (base 0xe0000000)
[    0.190170] PCI: MMCONFIG at [mem 0xe0000000-0xefffffff] reserved in E820
[    0.190170] PCI: Using configuration type 1 for base access
[    0.190271] ENERGY_PERF_BIAS: Set to 'normal', was 'performance'
[    0.191603] kprobes: kprobe jump-optimization is enabled. All kprobes are optimized if possible.
[    0.193429] HugeTLB: registered 1.00 GiB page size, pre-allocated 0 pages
[    0.193432] HugeTLB: 16380 KiB vmemmap can be freed for a 1.00 GiB page
[    0.193433] HugeTLB: registered 2.00 MiB page size, pre-allocated 0 pages
[    0.193434] HugeTLB: 28 KiB vmemmap can be freed for a 2.00 MiB page
[    0.193535] ACPI: Added _OSI(Module Device)
[    0.193535] ACPI: Added _OSI(Processor Device)
[    0.193535] ACPI: Added _OSI(3.0 _SCP Extensions)
[    0.193535] ACPI: Added _OSI(Processor Aggregator Device)
[    0.229904] ACPI BIOS Error (bug): Failure creating named object [\_SB.PCI0.XHC.RHUB.HS01._UPC], AE_ALREADY_EXISTS (20220331/dswload2-326)
[    0.229911] ACPI Error: AE_ALREADY_EXISTS, During name lookup/catalog (20220331/psobject-220)
[    0.229914] ACPI: Skipping parse of AML opcode: Method (0x0014)
[    0.229917] ACPI BIOS Error (bug): Failure creating named object [\_SB.PCI0.XHC.RHUB.HS01._PLD], AE_ALREADY_EXISTS (20220331/dswload2-326)
[    0.229920] ACPI Error: AE_ALREADY_EXISTS, During name lookup/catalog (20220331/psobject-220)
[    0.229922] ACPI: Skipping parse of AML opcode: Method (0x0014)
[    0.229926] ACPI BIOS Error (bug): Failure creating named object [\_SB.PCI0.XHC.RHUB.HS02._UPC], AE_ALREADY_EXISTS (20220331/dswload2-326)
[    0.229930] ACPI Error: AE_ALREADY_EXISTS, During name lookup/catalog (20220331/psobject-220)
[    0.229932] ACPI: Skipping parse of AML opcode: Method (0x0014)
[    0.229934] ACPI BIOS Error (bug): Failure creating named object [\_SB.PCI0.XHC.RHUB.HS02._PLD], AE_ALREADY_EXISTS (20220331/dswload2-326)
[    0.229937] ACPI Error: AE_ALREADY_EXISTS, During name lookup/catalog (20220331/psobject-220)
[    0.229939] ACPI: Skipping parse of AML opcode: Method (0x0014)
[    0.229943] ACPI BIOS Error (bug): Failure creating named object [\_SB.PCI0.XHC.RHUB.HS03._UPC], AE_ALREADY_EXISTS (20220331/dswload2-326)
[    0.229946] ACPI Error: AE_ALREADY_EXISTS, During name lookup/catalog (20220331/psobject-220)
[    0.229948] ACPI: Skipping parse of AML opcode: Method (0x0014)
[    0.229950] ACPI BIOS Error (bug): Failure creating named object [\_SB.PCI0.XHC.RHUB.HS03._PLD], AE_ALREADY_EXISTS (20220331/dswload2-326)
[    0.229953] ACPI Error: AE_ALREADY_EXISTS, During name lookup/catalog (20220331/psobject-220)
[    0.229954] ACPI: Skipping parse of AML opcode: Method (0x0014)
[    0.229958] ACPI BIOS Error (bug): Failure creating named object [\_SB.PCI0.XHC.RHUB.HS04._UPC], AE_ALREADY_EXISTS (20220331/dswload2-326)
[    0.229961] ACPI Error: AE_ALREADY_EXISTS, During name lookup/catalog (20220331/psobject-220)
[    0.229963] ACPI: Skipping parse of AML opcode: Method (0x0014)
[    0.229965] ACPI BIOS Error (bug): Failure creating named object [\_SB.PCI0.XHC.RHUB.HS04._PLD], AE_ALREADY_EXISTS (20220331/dswload2-326)
[    0.229968] ACPI Error: AE_ALREADY_EXISTS, During name lookup/catalog (20220331/psobject-220)
[    0.229970] ACPI: Skipping parse of AML opcode: Method (0x0014)
[    0.229974] ACPI BIOS Error (bug): Failure creating named object [\_SB.PCI0.XHC.RHUB.HS05._UPC], AE_ALREADY_EXISTS (20220331/dswload2-326)
[    0.229977] ACPI Error: AE_ALREADY_EXISTS, During name lookup/catalog (20220331/psobject-220)
[    0.229979] ACPI: Skipping parse of AML opcode: Method (0x0014)
[    0.229981] ACPI BIOS Error (bug): Failure creating named object [\_SB.PCI0.XHC.RHUB.HS05._PLD], AE_ALREADY_EXISTS (20220331/dswload2-326)
[    0.229984] ACPI Error: AE_ALREADY_EXISTS, During name lookup/catalog (20220331/psobject-220)
[    0.229986] ACPI: Skipping parse of AML opcode: Method (0x0014)
[    0.229989] ACPI BIOS Error (bug): Failure creating named object [\_SB.PCI0.XHC.RHUB.HS06._UPC], AE_ALREADY_EXISTS (20220331/dswload2-326)
[    0.229992] ACPI Error: AE_ALREADY_EXISTS, During name lookup/catalog (20220331/psobject-220)
[    0.229994] ACPI: Skipping parse of AML opcode: Method (0x0014)
[    0.229996] ACPI BIOS Error (bug): Failure creating named object [\_SB.PCI0.XHC.RHUB.HS06._PLD], AE_ALREADY_EXISTS (20220331/dswload2-326)
[    0.229999] ACPI Error: AE_ALREADY_EXISTS, During name lookup/catalog (20220331/psobject-220)
[    0.230001] ACPI: Skipping parse of AML opcode: Method (0x0014)
[    0.230005] ACPI BIOS Error (bug): Failure creating named object [\_SB.PCI0.XHC.RHUB.HS07._UPC], AE_ALREADY_EXISTS (20220331/dswload2-326)
[    0.230008] ACPI Error: AE_ALREADY_EXISTS, During name lookup/catalog (20220331/psobject-220)
[    0.230010] ACPI: Skipping parse of AML opcode: Method (0x0014)
[    0.230012] ACPI BIOS Error (bug): Failure creating named object [\_SB.PCI0.XHC.RHUB.HS07._PLD], AE_ALREADY_EXISTS (20220331/dswload2-326)
[    0.230018] ACPI Error: AE_ALREADY_EXISTS, During name lookup/catalog (20220331/psobject-220)
[    0.230020] ACPI: Skipping parse of AML opcode: Method (0x0014)
[    0.230023] ACPI BIOS Error (bug): Failure creating named object [\_SB.PCI0.XHC.RHUB.HS08._UPC], AE_ALREADY_EXISTS (20220331/dswload2-326)
[    0.230026] ACPI Error: AE_ALREADY_EXISTS, During name lookup/catalog (20220331/psobject-220)
[    0.230028] ACPI: Skipping parse of AML opcode: Method (0x0014)
[    0.230030] ACPI BIOS Error (bug): Failure creating named object [\_SB.PCI0.XHC.RHUB.HS08._PLD], AE_ALREADY_EXISTS (20220331/dswload2-326)
[    0.230033] ACPI Error: AE_ALREADY_EXISTS, During name lookup/catalog (20220331/psobject-220)
[    0.230035] ACPI: Skipping parse of AML opcode: Method (0x0014)
[    0.230039] ACPI BIOS Error (bug): Failure creating named object [\_SB.PCI0.XHC.RHUB.HS09._UPC], AE_ALREADY_EXISTS (20220331/dswload2-326)
[    0.230042] ACPI Error: AE_ALREADY_EXISTS, During name lookup/catalog (20220331/psobject-220)
[    0.230044] ACPI: Skipping parse of AML opcode: Method (0x0014)
[    0.230046] ACPI BIOS Error (bug): Failure creating named object [\_SB.PCI0.XHC.RHUB.HS09._PLD], AE_ALREADY_EXISTS (20220331/dswload2-326)
[    0.230049] ACPI Error: AE_ALREADY_EXISTS, During name lookup/catalog (20220331/psobject-220)
[    0.230050] ACPI: Skipping parse of AML opcode: Method (0x0014)
[    0.230054] ACPI BIOS Error (bug): Failure creating named object [\_SB.PCI0.XHC.RHUB.HS10._UPC], AE_ALREADY_EXISTS (20220331/dswload2-326)
[    0.230057] ACPI Error: AE_ALREADY_EXISTS, During name lookup/catalog (20220331/psobject-220)
[    0.230059] ACPI: Skipping parse of AML opcode: Method (0x0014)
[    0.230061] ACPI BIOS Error (bug): Failure creating named object [\_SB.PCI0.XHC.RHUB.HS10._PLD], AE_ALREADY_EXISTS (20220331/dswload2-326)
[    0.230064] ACPI Error: AE_ALREADY_EXISTS, During name lookup/catalog (20220331/psobject-220)
[    0.230066] ACPI: Skipping parse of AML opcode: Method (0x0014)
[    0.230137] ACPI BIOS Error (bug): Failure creating named object [\_SB.PCI0.XHC.RHUB.HS11._UPC], AE_ALREADY_EXISTS (20220331/dswload2-326)
[    0.230141] ACPI Error: AE_ALREADY_EXISTS, During name lookup/catalog (20220331/psobject-220)
[    0.230143] ACPI: Skipping parse of AML opcode: Method (0x0014)
[    0.230145] ACPI BIOS Error (bug): Failure creating named object [\_SB.PCI0.XHC.RHUB.HS11._PLD], AE_ALREADY_EXISTS (20220331/dswload2-326)
[    0.230148] ACPI Error: AE_ALREADY_EXISTS, During name lookup/catalog (20220331/psobject-220)
[    0.230150] ACPI: Skipping parse of AML opcode: Method (0x0014)
[    0.230153] ACPI BIOS Error (bug): Failure creating named object [\_SB.PCI0.XHC.RHUB.HS12._UPC], AE_ALREADY_EXISTS (20220331/dswload2-326)
[    0.230156] ACPI Error: AE_ALREADY_EXISTS, During name lookup/catalog (20220331/psobject-220)
[    0.230158] ACPI: Skipping parse of AML opcode: Method (0x0014)
[    0.230160] ACPI BIOS Error (bug): Failure creating named object [\_SB.PCI0.XHC.RHUB.HS12._PLD], AE_ALREADY_EXISTS (20220331/dswload2-326)
[    0.230163] ACPI Error: AE_ALREADY_EXISTS, During name lookup/catalog (20220331/psobject-220)
[    0.230165] ACPI: Skipping parse of AML opcode: Method (0x0014)
[    0.230169] ACPI BIOS Error (bug): Failure creating named object [\_SB.PCI0.XHC.RHUB.HS13._UPC], AE_ALREADY_EXISTS (20220331/dswload2-326)
[    0.230172] ACPI Error: AE_ALREADY_EXISTS, During name lookup/catalog (20220331/psobject-220)
[    0.230173] ACPI: Skipping parse of AML opcode: Method (0x0014)
[    0.230175] ACPI BIOS Error (bug): Failure creating named object [\_SB.PCI0.XHC.RHUB.HS13._PLD], AE_ALREADY_EXISTS (20220331/dswload2-326)
[    0.230178] ACPI Error: AE_ALREADY_EXISTS, During name lookup/catalog (20220331/psobject-220)
[    0.230180] ACPI: Skipping parse of AML opcode: Method (0x0014)
[    0.230184] ACPI BIOS Error (bug): Failure creating named object [\_SB.PCI0.XHC.RHUB.HS14._UPC], AE_ALREADY_EXISTS (20220331/dswload2-326)
[    0.230187] ACPI Error: AE_ALREADY_EXISTS, During name lookup/catalog (20220331/psobject-220)
[    0.230189] ACPI: Skipping parse of AML opcode: Method (0x0014)
[    0.230191] ACPI BIOS Error (bug): Failure creating named object [\_SB.PCI0.XHC.RHUB.HS14._PLD], AE_ALREADY_EXISTS (20220331/dswload2-326)
[    0.230194] ACPI Error: AE_ALREADY_EXISTS, During name lookup/catalog (20220331/psobject-220)
[    0.230196] ACPI: Skipping parse of AML opcode: Method (0x0014)
[    0.230199] ACPI BIOS Error (bug): Failure creating named object [\_SB.PCI0.XHC.RHUB.USR1._UPC], AE_ALREADY_EXISTS (20220331/dswload2-326)
[    0.230202] ACPI Error: AE_ALREADY_EXISTS, During name lookup/catalog (20220331/psobject-220)
[    0.230204] ACPI: Skipping parse of AML opcode: Method (0x0014)
[    0.230206] ACPI BIOS Error (bug): Failure creating named object [\_SB.PCI0.XHC.RHUB.USR1._PLD], AE_ALREADY_EXISTS (20220331/dswload2-326)
[    0.230209] ACPI Error: AE_ALREADY_EXISTS, During name lookup/catalog (20220331/psobject-220)
[    0.230211] ACPI: Skipping parse of AML opcode: Method (0x0014)
[    0.230214] ACPI BIOS Error (bug): Failure creating named object [\_SB.PCI0.XHC.RHUB.USR2._UPC], AE_ALREADY_EXISTS (20220331/dswload2-326)
[    0.230217] ACPI Error: AE_ALREADY_EXISTS, During name lookup/catalog (20220331/psobject-220)
[    0.230219] ACPI: Skipping parse of AML opcode: Method (0x0014)
[    0.230221] ACPI BIOS Error (bug): Failure creating named object [\_SB.PCI0.XHC.RHUB.USR2._PLD], AE_ALREADY_EXISTS (20220331/dswload2-326)
[    0.230224] ACPI Error: AE_ALREADY_EXISTS, During name lookup/catalog (20220331/psobject-220)
[    0.230226] ACPI: Skipping parse of AML opcode: Method (0x0014)
[    0.230230] ACPI BIOS Error (bug): Failure creating named object [\_SB.PCI0.XHC.RHUB.SS01._UPC], AE_ALREADY_EXISTS (20220331/dswload2-326)
[    0.230233] ACPI Error: AE_ALREADY_EXISTS, During name lookup/catalog (20220331/psobject-220)
[    0.230235] ACPI: Skipping parse of AML opcode: Method (0x0014)
[    0.230237] ACPI BIOS Error (bug): Failure creating named object [\_SB.PCI0.XHC.RHUB.SS01._PLD], AE_ALREADY_EXISTS (20220331/dswload2-326)
[    0.230240] ACPI Error: AE_ALREADY_EXISTS, During name lookup/catalog (20220331/psobject-220)
[    0.230241] ACPI: Skipping parse of AML opcode: Method (0x0014)
[    0.230245] ACPI BIOS Error (bug): Failure creating named object [\_SB.PCI0.XHC.RHUB.SS02._UPC], AE_ALREADY_EXISTS (20220331/dswload2-326)
[    0.230248] ACPI Error: AE_ALREADY_EXISTS, During name lookup/catalog (20220331/psobject-220)
[    0.230250] ACPI: Skipping parse of AML opcode: Method (0x0014)
[    0.230252] ACPI BIOS Error (bug): Failure creating named object [\_SB.PCI0.XHC.RHUB.SS02._PLD], AE_ALREADY_EXISTS (20220331/dswload2-326)
[    0.230255] ACPI Error: AE_ALREADY_EXISTS, During name lookup/catalog (20220331/psobject-220)
[    0.230257] ACPI: Skipping parse of AML opcode: Method (0x0014)
[    0.230260] ACPI BIOS Error (bug): Failure creating named object [\_SB.PCI0.XHC.RHUB.SS03._UPC], AE_ALREADY_EXISTS (20220331/dswload2-326)
[    0.230263] ACPI Error: AE_ALREADY_EXISTS, During name lookup/catalog (20220331/psobject-220)
[    0.230265] ACPI: Skipping parse of AML opcode: Method (0x0014)
[    0.230267] ACPI BIOS Error (bug): Failure creating named object [\_SB.PCI0.XHC.RHUB.SS03._PLD], AE_ALREADY_EXISTS (20220331/dswload2-326)
[    0.230270] ACPI Error: AE_ALREADY_EXISTS, During name lookup/catalog (20220331/psobject-220)
[    0.230272] ACPI: Skipping parse of AML opcode: Method (0x0014)
[    0.230276] ACPI BIOS Error (bug): Failure creating named object [\_SB.PCI0.XHC.RHUB.SS04._UPC], AE_ALREADY_EXISTS (20220331/dswload2-326)
[    0.230278] ACPI Error: AE_ALREADY_EXISTS, During name lookup/catalog (20220331/psobject-220)
[    0.230280] ACPI: Skipping parse of AML opcode: Method (0x0014)
[    0.230282] ACPI BIOS Error (bug): Failure creating named object [\_SB.PCI0.XHC.RHUB.SS04._PLD], AE_ALREADY_EXISTS (20220331/dswload2-326)
[    0.230285] ACPI Error: AE_ALREADY_EXISTS, During name lookup/catalog (20220331/psobject-220)
[    0.230287] ACPI: Skipping parse of AML opcode: Method (0x0014)
[    0.230291] ACPI BIOS Error (bug): Failure creating named object [\_SB.PCI0.XHC.RHUB.SS05._UPC], AE_ALREADY_EXISTS (20220331/dswload2-326)
[    0.230294] ACPI Error: AE_ALREADY_EXISTS, During name lookup/catalog (20220331/psobject-220)
[    0.230296] ACPI: Skipping parse of AML opcode: Method (0x0014)
[    0.230298] ACPI BIOS Error (bug): Failure creating named object [\_SB.PCI0.XHC.RHUB.SS05._PLD], AE_ALREADY_EXISTS (20220331/dswload2-326)
[    0.230301] ACPI Error: AE_ALREADY_EXISTS, During name lookup/catalog (20220331/psobject-220)
[    0.230302] ACPI: Skipping parse of AML opcode: Method (0x0014)
[    0.230306] ACPI BIOS Error (bug): Failure creating named object [\_SB.PCI0.XHC.RHUB.SS06._UPC], AE_ALREADY_EXISTS (20220331/dswload2-326)
[    0.230309] ACPI Error: AE_ALREADY_EXISTS, During name lookup/catalog (20220331/psobject-220)
[    0.230311] ACPI: Skipping parse of AML opcode: Method (0x0014)
[    0.230313] ACPI BIOS Error (bug): Failure creating named object [\_SB.PCI0.XHC.RHUB.SS06._PLD], AE_ALREADY_EXISTS (20220331/dswload2-326)
[    0.230316] ACPI Error: AE_ALREADY_EXISTS, During name lookup/catalog (20220331/psobject-220)
[    0.230318] ACPI: Skipping parse of AML opcode: Method (0x0014)
[    0.230385] ACPI BIOS Error (bug): Failure creating named object [\_SB.PCI0.XHC.RHUB.SS07._UPC], AE_ALREADY_EXISTS (20220331/dswload2-326)
[    0.230389] ACPI Error: AE_ALREADY_EXISTS, During name lookup/catalog (20220331/psobject-220)
[    0.230391] ACPI: Skipping parse of AML opcode: Method (0x0014)
[    0.230393] ACPI BIOS Error (bug): Failure creating named object [\_SB.PCI0.XHC.RHUB.SS07._PLD], AE_ALREADY_EXISTS (20220331/dswload2-326)
[    0.230396] ACPI Error: AE_ALREADY_EXISTS, During name lookup/catalog (20220331/psobject-220)
[    0.230397] ACPI: Skipping parse of AML opcode: Method (0x0014)
[    0.230401] ACPI BIOS Error (bug): Failure creating named object [\_SB.PCI0.XHC.RHUB.SS08._UPC], AE_ALREADY_EXISTS (20220331/dswload2-326)
[    0.230404] ACPI Error: AE_ALREADY_EXISTS, During name lookup/catalog (20220331/psobject-220)
[    0.230406] ACPI: Skipping parse of AML opcode: Method (0x0014)
[    0.230408] ACPI BIOS Error (bug): Failure creating named object [\_SB.PCI0.XHC.RHUB.SS08._PLD], AE_ALREADY_EXISTS (20220331/dswload2-326)
[    0.230411] ACPI Error: AE_ALREADY_EXISTS, During name lookup/catalog (20220331/psobject-220)
[    0.230413] ACPI: Skipping parse of AML opcode: Method (0x0014)
[    0.230417] ACPI BIOS Error (bug): Failure creating named object [\_SB.PCI0.XHC.RHUB.SS09._UPC], AE_ALREADY_EXISTS (20220331/dswload2-326)
[    0.230419] ACPI Error: AE_ALREADY_EXISTS, During name lookup/catalog (20220331/psobject-220)
[    0.230421] ACPI: Skipping parse of AML opcode: Method (0x0014)
[    0.230423] ACPI BIOS Error (bug): Failure creating named object [\_SB.PCI0.XHC.RHUB.SS09._PLD], AE_ALREADY_EXISTS (20220331/dswload2-326)
[    0.230426] ACPI Error: AE_ALREADY_EXISTS, During name lookup/catalog (20220331/psobject-220)
[    0.230428] ACPI: Skipping parse of AML opcode: Method (0x0014)
[    0.230432] ACPI BIOS Error (bug): Failure creating named object [\_SB.PCI0.XHC.RHUB.SS10._UPC], AE_ALREADY_EXISTS (20220331/dswload2-326)
[    0.230435] ACPI Error: AE_ALREADY_EXISTS, During name lookup/catalog (20220331/psobject-220)
[    0.230437] ACPI: Skipping parse of AML opcode: Method (0x0014)
[    0.230439] ACPI BIOS Error (bug): Failure creating named object [\_SB.PCI0.XHC.RHUB.SS10._PLD], AE_ALREADY_EXISTS (20220331/dswload2-326)
[    0.230441] ACPI Error: AE_ALREADY_EXISTS, During name lookup/catalog (20220331/psobject-220)
[    0.230443] ACPI: Skipping parse of AML opcode: Method (0x0014)
[    0.232739] ACPI: 10 ACPI AML tables successfully acquired and loaded
[    0.234735] ACPI: [Firmware Bug]: BIOS _OSI(Linux) query ignored
[    0.240603] ACPI: Dynamic OEM Table Load:
[    0.240610] ACPI: SSDT 0xFFFFA09C416AA000 0005EE (v02 PmRef  Cpu0Ist  00003000 INTL 20160422)
[    0.240946] ACPI: \_PR_.CPU0: _OSC native thermal LVT Acked
[    0.241953] ACPI: Dynamic OEM Table Load:
[    0.241959] ACPI: SSDT 0xFFFFA09C4164E800 0003FF (v02 PmRef  Cpu0Cst  00003001 INTL 20160422)
[    0.243341] ACPI: Dynamic OEM Table Load:
[    0.243352] ACPI: SSDT 0xFFFFA09C416A8800 00065C (v02 PmRef  ApIst    00003000 INTL 20160422)
[    0.244766] ACPI: Dynamic OEM Table Load:
[    0.244771] ACPI: SSDT 0xFFFFA09C41612400 00018A (v02 PmRef  ApCst    00003000 INTL 20160422)
[    0.247173] ACPI: EC: EC started
[    0.247174] ACPI: EC: interrupt blocked
[    0.247919] ACPI: EC: EC_CMD/EC_SC=0x66, EC_DATA=0x62
[    0.247921] ACPI: \_SB_.PCI0.LPCB.EC__: Boot DSDT EC used to handle transactions
[    0.247923] ACPI: Interpreter enabled
[    0.247970] ACPI: PM: (supports S0 S3 S4 S5)
[    0.247971] ACPI: Using IOAPIC for interrupt routing
[    0.248014] PCI: Using host bridge windows from ACPI; if necessary, use "pci=nocrs" and report a bug
[    0.248016] PCI: Using E820 reservations for host bridge windows
[    0.248686] ACPI: Enabled 7 GPEs in block 00 to 7F
[    0.251228] ACPI: PM: Power Resource [PG00]
[    0.251805] ACPI: PM: Power Resource [PG01]
[    0.252263] ACPI: PM: Power Resource [PG02]
[    0.272725] ACPI: PCI Root Bridge [PCI0] (domain 0000 [bus 00-fe])
[    0.272733] acpi PNP0A08:00: _OSC: OS supports [ExtendedConfig ASPM ClockPM Segments MSI EDR HPX-Type3]
[    0.272777] acpi PNP0A08:00: _OSC: OS requested [PCIeHotplug SHPCHotplug PME AER PCIeCapability LTR DPC]
[    0.272779] acpi PNP0A08:00: _OSC: platform willing to grant [PCIeHotplug SHPCHotplug PME AER PCIeCapability LTR DPC]
[    0.272781] acpi PNP0A08:00: _OSC: platform retains control of PCIe features (AE_ERROR)
[    0.273763] PCI host bridge to bus 0000:00
[    0.273765] pci_bus 0000:00: root bus resource [io  0x0000-0x0cf7 window]
[    0.273768] pci_bus 0000:00: root bus resource [io  0x0d00-0xffff window]
[    0.273770] pci_bus 0000:00: root bus resource [mem 0x000a0000-0x000fffff window]
[    0.273772] pci_bus 0000:00: root bus resource [mem 0x70000000-0xdfffffff window]
[    0.273773] pci_bus 0000:00: root bus resource [mem 0xfd000000-0xfe7fffff window]
[    0.273775] pci_bus 0000:00: root bus resource [bus 00-fe]
[    0.273797] pci 0000:00:00.0: [8086:5910] type 00 class 0x060000
[    0.273874] pci 0000:00:01.0: [8086:1901] type 01 class 0x060400
[    0.273919] pci 0000:00:01.0: PME# supported from D0 D3hot D3cold
[    0.274338] pci 0000:00:02.0: [8086:591b] type 00 class 0x030000
[    0.274347] pci 0000:00:02.0: reg 0x10: [mem 0xdd000000-0xddffffff 64bit]
[    0.274353] pci 0000:00:02.0: reg 0x18: [mem 0xa0000000-0xbfffffff 64bit pref]
[    0.274358] pci 0000:00:02.0: reg 0x20: [io  0xf000-0xf03f]
[    0.274376] pci 0000:00:02.0: BAR 2: assigned to efifb
[    0.274379] pci 0000:00:02.0: Video device with shadowed ROM at [mem 0x000c0000-0x000dffff]
[    0.274626] pci 0000:00:14.0: [8086:a12f] type 00 class 0x0c0330
[    0.274643] pci 0000:00:14.0: reg 0x10: [mem 0xdf410000-0xdf41ffff 64bit]
[    0.274711] pci 0000:00:14.0: PME# supported from D3hot D3cold
[    0.275451] pci 0000:00:14.2: [8086:a131] type 00 class 0x118000
[    0.275468] pci 0000:00:14.2: reg 0x10: [mem 0xdf42e000-0xdf42efff 64bit]
[    0.275589] pci 0000:00:16.0: [8086:a13a] type 00 class 0x078000
[    0.275603] pci 0000:00:16.0: reg 0x10: [mem 0xdf42d000-0xdf42dfff 64bit]
[    0.275655] pci 0000:00:16.0: PME# supported from D3hot
[    0.275979] pci 0000:00:17.0: [8086:a103] type 00 class 0x010601
[    0.275992] pci 0000:00:17.0: reg 0x10: [mem 0xdf428000-0xdf429fff]
[    0.275999] pci 0000:00:17.0: reg 0x14: [mem 0xdf42c000-0xdf42c0ff]
[    0.276006] pci 0000:00:17.0: reg 0x18: [io  0xf090-0xf097]
[    0.276013] pci 0000:00:17.0: reg 0x1c: [io  0xf080-0xf083]
[    0.276019] pci 0000:00:17.0: reg 0x20: [io  0xf060-0xf07f]
[    0.276026] pci 0000:00:17.0: reg 0x24: [mem 0xdf42b000-0xdf42b7ff]
[    0.276064] pci 0000:00:17.0: PME# supported from D3hot
[    0.276393] pci 0000:00:1c.0: [8086:a110] type 01 class 0x060400
[    0.276469] pci 0000:00:1c.0: PME# supported from D0 D3hot D3cold
[    0.277092] pci 0000:00:1c.4: [8086:a114] type 01 class 0x060400
[    0.277162] pci 0000:00:1c.4: PME# supported from D0 D3hot D3cold
[    0.277760] pci 0000:00:1c.6: [8086:a116] type 01 class 0x060400
[    0.277829] pci 0000:00:1c.6: PME# supported from D0 D3hot D3cold
[    0.278428] pci 0000:00:1f.0: [8086:a152] type 00 class 0x060100
[    0.278810] pci 0000:00:1f.2: [8086:a121] type 00 class 0x058000
[    0.278823] pci 0000:00:1f.2: reg 0x10: [mem 0xdf424000-0xdf427fff]
[    0.279122] pci 0000:00:1f.3: [8086:a171] type 00 class 0x040300
[    0.279142] pci 0000:00:1f.3: reg 0x10: [mem 0xdf420000-0xdf423fff 64bit]
[    0.279166] pci 0000:00:1f.3: reg 0x20: [mem 0xdf400000-0xdf40ffff 64bit]
[    0.279212] pci 0000:00:1f.3: PME# supported from D3hot D3cold
[    0.279900] pci 0000:00:1f.4: [8086:a123] type 00 class 0x0c0500
[    0.279957] pci 0000:00:1f.4: reg 0x10: [mem 0xdf42a000-0xdf42a0ff 64bit]
[    0.280029] pci 0000:00:1f.4: reg 0x20: [io  0xf040-0xf05f]
[    0.280387] pci 0000:01:00.0: [10de:1c8d] type 00 class 0x030200
[    0.280397] pci 0000:01:00.0: reg 0x10: [mem 0xde000000-0xdeffffff]
[    0.280405] pci 0000:01:00.0: reg 0x14: [mem 0xc0000000-0xcfffffff 64bit pref]
[    0.280413] pci 0000:01:00.0: reg 0x1c: [mem 0xd0000000-0xd1ffffff 64bit pref]
[    0.280418] pci 0000:01:00.0: reg 0x24: [io  0xe000-0xe07f]
[    0.280424] pci 0000:01:00.0: reg 0x30: [mem 0xdf000000-0xdf07ffff pref]
[    0.280440] pci 0000:01:00.0: Enabling HDA controller
[    0.280495] pci 0000:01:00.0: 63.008 Gb/s available PCIe bandwidth, limited by 8.0 GT/s PCIe x8 link at 0000:00:01.0 (capable of 126.016 Gb/s with 8.0 GT/s PCIe x16 link)
[    0.280854] pci 0000:01:00.1: [10de:0fb9] type 00 class 0x040300
[    0.280863] pci 0000:01:00.1: reg 0x10: [mem 0xdf080000-0xdf083fff]
[    0.280964] pci 0000:00:01.0: PCI bridge to [bus 01]
[    0.280967] pci 0000:00:01.0:   bridge window [io  0xe000-0xefff]
[    0.280969] pci 0000:00:01.0:   bridge window [mem 0xde000000-0xdf0fffff]
[    0.280973] pci 0000:00:01.0:   bridge window [mem 0xc0000000-0xd1ffffff 64bit pref]
[    0.281097] pci 0000:02:00.0: [1b21:1242] type 00 class 0x0c0330
[    0.281120] pci 0000:02:00.0: reg 0x10: [mem 0xdf300000-0xdf307fff 64bit]
[    0.281172] pci 0000:02:00.0: enabling Extended Tags
[    0.281249] pci 0000:02:00.0: PME# supported from D3hot D3cold
[    0.281470] pci 0000:00:1c.0: PCI bridge to [bus 02]
[    0.281474] pci 0000:00:1c.0:   bridge window [mem 0xdf300000-0xdf3fffff]
[    0.281564] pci 0000:03:00.0: [10ec:5287] type 00 class 0xff0000
[    0.281580] pci 0000:03:00.0: reg 0x10: [mem 0xdf215000-0xdf215fff]
[    0.281621] pci 0000:03:00.0: reg 0x30: [mem 0xdf200000-0xdf20ffff pref]
[    0.281714] pci 0000:03:00.0: supports D1 D2
[    0.281715] pci 0000:03:00.0: PME# supported from D1 D2 D3hot D3cold
[    0.281889] pci 0000:03:00.1: [10ec:8168] type 00 class 0x020000
[    0.281905] pci 0000:03:00.1: reg 0x10: [io  0xd000-0xd0ff]
[    0.281925] pci 0000:03:00.1: reg 0x18: [mem 0xdf214000-0xdf214fff 64bit]
[    0.281939] pci 0000:03:00.1: reg 0x20: [mem 0xdf210000-0xdf213fff 64bit]
[    0.282031] pci 0000:03:00.1: supports D1 D2
[    0.282033] pci 0000:03:00.1: PME# supported from D0 D1 D2 D3hot D3cold
[    0.282168] pci 0000:00:1c.4: PCI bridge to [bus 03]
[    0.282171] pci 0000:00:1c.4:   bridge window [io  0xd000-0xdfff]
[    0.282174] pci 0000:00:1c.4:   bridge window [mem 0xdf200000-0xdf2fffff]
[    0.282292] pci 0000:04:00.0: [8086:24fd] type 00 class 0x028000
[    0.282335] pci 0000:04:00.0: reg 0x10: [mem 0xdf100000-0xdf101fff 64bit]
[    0.282528] pci 0000:04:00.0: PME# supported from D0 D3hot D3cold
[    0.282785] pci 0000:00:1c.6: PCI bridge to [bus 04]
[    0.282789] pci 0000:00:1c.6:   bridge window [mem 0xdf100000-0xdf1fffff]
[    0.284305] ACPI: PCI: Interrupt link LNKA configured for IRQ 11
[    0.284364] ACPI: PCI: Interrupt link LNKB configured for IRQ 10
[    0.284421] ACPI: PCI: Interrupt link LNKC configured for IRQ 11
[    0.284476] ACPI: PCI: Interrupt link LNKD configured for IRQ 11
[    0.284555] ACPI: PCI: Interrupt link LNKE configured for IRQ 11
[    0.284610] ACPI: PCI: Interrupt link LNKF configured for IRQ 11
[    0.284666] ACPI: PCI: Interrupt link LNKG configured for IRQ 11
[    0.284721] ACPI: PCI: Interrupt link LNKH configured for IRQ 11
[    0.285325] ACPI: EC: interrupt unblocked
[    0.285326] ACPI: EC: event unblocked
[    0.286687] ACPI: EC: EC_CMD/EC_SC=0x66, EC_DATA=0x62
[    0.286687] ACPI: EC: GPE=0x3
[    0.286687] ACPI: \_SB_.PCI0.LPCB.EC__: Boot DSDT EC initialization complete
[    0.286687] ACPI: \_SB_.PCI0.LPCB.EC__: EC: Used to handle transactions and events
[    0.286715] iommu: Default domain type: Translated 
[    0.286715] iommu: DMA domain TLB invalidation policy: lazy mode 
[    0.286845] SCSI subsystem initialized
[    0.286850] libata version 3.00 loaded.
[    0.286850] ACPI: bus type USB registered
[    0.286850] usbcore: registered new interface driver usbfs
[    0.286850] usbcore: registered new interface driver hub
[    0.286850] usbcore: registered new device driver usb
[    0.286850] pps_core: LinuxPPS API ver. 1 registered
[    0.286850] pps_core: Software ver. 5.3.6 - Copyright 2005-2007 Rodolfo Giometti <giometti@linux.it>
[    0.286850] PTP clock support registered
[    0.286850] EDAC MC: Ver: 3.0.0
[    0.286850] Registered efivars operations
[    0.286858] NetLabel: Initializing
[    0.286859] NetLabel:  domain hash size = 128
[    0.286860] NetLabel:  protocols = UNLABELED CIPSOv4 CALIPSO
[    0.286875] NetLabel:  unlabeled traffic allowed by default
[    0.286880] mctp: management component transport protocol core
[    0.286881] NET: Registered PF_MCTP protocol family
[    0.286884] PCI: Using ACPI for IRQ routing
[    0.314212] PCI: pci_cache_line_size set to 64 bytes
[    0.314289] e820: reserve RAM buffer [mem 0x00058000-0x0005ffff]
[    0.314291] e820: reserve RAM buffer [mem 0x0009e000-0x0009ffff]
[    0.314292] e820: reserve RAM buffer [mem 0x65b59000-0x67ffffff]
[    0.314293] e820: reserve RAM buffer [mem 0x67101000-0x67ffffff]
[    0.314295] e820: reserve RAM buffer [mem 0x68ca1000-0x6bffffff]
[    0.314296] e820: reserve RAM buffer [mem 0x69ddc000-0x6bffffff]
[    0.314297] e820: reserve RAM buffer [mem 0x6a91d000-0x6bffffff]
[    0.314299] e820: reserve RAM buffer [mem 0x6b400000-0x6bffffff]
[    0.314300] e820: reserve RAM buffer [mem 0x48f000000-0x48fffffff]
[    0.314312] pci 0000:00:02.0: vgaarb: setting as boot VGA device
[    0.314312] pci 0000:00:02.0: vgaarb: bridge control possible
[    0.314312] pci 0000:00:02.0: vgaarb: VGA device added: decodes=io+mem,owns=io+mem,locks=none
[    0.314312] vgaarb: loaded
[    0.314312] hpet0: at MMIO 0xfed00000, IRQs 2, 8, 0, 0, 0, 0, 0, 0
[    0.314312] hpet0: 8 comparators, 64-bit 24.000000 MHz counter
[    0.316682] clocksource: Switched to clocksource tsc-early
[    0.316689] VFS: Disk quotas dquot_6.6.0
[    0.316689] VFS: Dquot-cache hash table entries: 512 (order 0, 4096 bytes)
[    0.316689] pnp: PnP ACPI init
[    0.317154] system 00:00: [io  0x0680-0x069f] has been reserved
[    0.317158] system 00:00: [io  0xffff] has been reserved
[    0.317160] system 00:00: [io  0xffff] has been reserved
[    0.317161] system 00:00: [io  0xffff] has been reserved
[    0.317163] system 00:00: [io  0x1800-0x18fe] has been reserved
[    0.317164] system 00:00: [io  0x164e-0x164f] has been reserved
[    0.317166] system 00:00: [io  0x3322-0x3323] has been reserved
[    0.317273] system 00:01: [io  0x0800-0x087f] has been reserved
[    0.317336] system 00:03: [io  0x1854-0x1857] has been reserved
[    0.317747] system 00:06: [mem 0xfed10000-0xfed17fff] has been reserved
[    0.317749] system 00:06: [mem 0xfed18000-0xfed18fff] has been reserved
[    0.317751] system 00:06: [mem 0xfed19000-0xfed19fff] has been reserved
[    0.317753] system 00:06: [mem 0xe0000000-0xefffffff] has been reserved
[    0.317755] system 00:06: [mem 0xfed20000-0xfed3ffff] has been reserved
[    0.317757] system 00:06: [mem 0xfed90000-0xfed93fff] could not be reserved
[    0.317759] system 00:06: [mem 0xfed45000-0xfed8ffff] has been reserved
[    0.317761] system 00:06: [mem 0xff000000-0xffffffff] has been reserved
[    0.317763] system 00:06: [mem 0xfee00000-0xfeefffff] could not be reserved
[    0.317765] system 00:06: [mem 0xdffe0000-0xdfffffff] has been reserved
[    0.317811] system 00:07: [mem 0xfd000000-0xfdabffff] has been reserved
[    0.317813] system 00:07: [mem 0xfdad0000-0xfdadffff] has been reserved
[    0.317815] system 00:07: [mem 0xfdb00000-0xfdffffff] has been reserved
[    0.317816] system 00:07: [mem 0xfe000000-0xfe01ffff] could not be reserved
[    0.317818] system 00:07: [mem 0xfe036000-0xfe03bfff] has been reserved
[    0.317820] system 00:07: [mem 0xfe03d000-0xfe3fffff] has been reserved
[    0.317822] system 00:07: [mem 0xfe410000-0xfe7fffff] has been reserved
[    0.318163] system 00:08: [io  0xff00-0xfffe] has been reserved
[    0.319521] system 00:09: [mem 0xfdaf0000-0xfdafffff] has been reserved
[    0.319523] system 00:09: [mem 0xfdae0000-0xfdaeffff] has been reserved
[    0.319525] system 00:09: [mem 0xfdac0000-0xfdacffff] has been reserved
[    0.320255] pnp: PnP ACPI: found 10 devices
[    0.325871] clocksource: acpi_pm: mask: 0xffffff max_cycles: 0xffffff, max_idle_ns: 2085701024 ns
[    0.325937] NET: Registered PF_INET protocol family
[    0.326089] IP idents hash table entries: 262144 (order: 9, 2097152 bytes, linear)
[    0.329421] tcp_listen_portaddr_hash hash table entries: 8192 (order: 5, 131072 bytes, linear)
[    0.329451] Table-perturb hash table entries: 65536 (order: 6, 262144 bytes, linear)
[    0.329523] TCP established hash table entries: 131072 (order: 8, 1048576 bytes, linear)
[    0.329765] TCP bind hash table entries: 65536 (order: 9, 2097152 bytes, linear)
[    0.330039] TCP: Hash tables configured (established 131072 bind 65536)
[    0.330116] MPTCP token hash table entries: 16384 (order: 6, 393216 bytes, linear)
[    0.330175] UDP hash table entries: 8192 (order: 6, 262144 bytes, linear)
[    0.330225] UDP-Lite hash table entries: 8192 (order: 6, 262144 bytes, linear)
[    0.330281] NET: Registered PF_UNIX/PF_LOCAL protocol family
[    0.330288] NET: Registered PF_XDP protocol family
[    0.330300] pci 0000:00:01.0: PCI bridge to [bus 01]
[    0.330304] pci 0000:00:01.0:   bridge window [io  0xe000-0xefff]
[    0.330307] pci 0000:00:01.0:   bridge window [mem 0xde000000-0xdf0fffff]
[    0.330310] pci 0000:00:01.0:   bridge window [mem 0xc0000000-0xd1ffffff 64bit pref]
[    0.330315] pci 0000:00:1c.0: PCI bridge to [bus 02]
[    0.330318] pci 0000:00:1c.0:   bridge window [mem 0xdf300000-0xdf3fffff]
[    0.330324] pci 0000:00:1c.4: PCI bridge to [bus 03]
[    0.330326] pci 0000:00:1c.4:   bridge window [io  0xd000-0xdfff]
[    0.330329] pci 0000:00:1c.4:   bridge window [mem 0xdf200000-0xdf2fffff]
[    0.330334] pci 0000:00:1c.6: PCI bridge to [bus 04]
[    0.330338] pci 0000:00:1c.6:   bridge window [mem 0xdf100000-0xdf1fffff]
[    0.330344] pci_bus 0000:00: resource 4 [io  0x0000-0x0cf7 window]
[    0.330346] pci_bus 0000:00: resource 5 [io  0x0d00-0xffff window]
[    0.330347] pci_bus 0000:00: resource 6 [mem 0x000a0000-0x000fffff window]
[    0.330349] pci_bus 0000:00: resource 7 [mem 0x70000000-0xdfffffff window]
[    0.330350] pci_bus 0000:00: resource 8 [mem 0xfd000000-0xfe7fffff window]
[    0.330351] pci_bus 0000:01: resource 0 [io  0xe000-0xefff]
[    0.330353] pci_bus 0000:01: resource 1 [mem 0xde000000-0xdf0fffff]
[    0.330354] pci_bus 0000:01: resource 2 [mem 0xc0000000-0xd1ffffff 64bit pref]
[    0.330356] pci_bus 0000:02: resource 1 [mem 0xdf300000-0xdf3fffff]
[    0.330357] pci_bus 0000:03: resource 0 [io  0xd000-0xdfff]
[    0.330358] pci_bus 0000:03: resource 1 [mem 0xdf200000-0xdf2fffff]
[    0.330360] pci_bus 0000:04: resource 1 [mem 0xdf100000-0xdf1fffff]
[    0.330817] pci 0000:01:00.1: extending delay after power-on from D3hot to 20 msec
[    0.330845] pci 0000:01:00.1: D0 power state depends on 0000:01:00.0
[    0.331079] PCI: CLS 64 bytes, default 64
[    0.331093] PCI-DMA: Using software bounce buffering for IO (SWIOTLB)
[    0.331094] software IO TLB: mapped [mem 0x00000000609e9000-0x00000000649e9000] (64MB)
[    0.331135] Trying to unpack rootfs image as initramfs...
[    0.332156] Initialise system trusted keyrings
[    0.332164] Key type blacklist registered
[    0.332204] workingset: timestamp_bits=41 max_order=22 bucket_order=0
[    0.333451] zbud: loaded
[    0.333627] integrity: Platform Keyring initialized
[    0.333629] integrity: Machine keyring initialized
[    0.342741] Key type asymmetric registered
[    0.342743] Asymmetric key parser 'x509' registered
[    0.411645] Freeing initrd memory: 15028K
[    0.414571] alg: self-tests for CTR-KDF (hmac(sha256)) passed
[    0.414595] Block layer SCSI generic (bsg) driver version 0.4 loaded (major 242)
[    0.414626] io scheduler mq-deadline registered
[    0.414627] io scheduler kyber registered
[    0.414668] io scheduler bfq registered
[    0.415517] shpchp: Standard Hot Plug PCI Controller Driver version: 0.4
[    0.417046] ACPI: AC: AC Adapter [AC] (on-line)
[    0.417108] input: Power Button as /devices/LNXSYSTM:00/LNXSYBUS:00/PNP0C0C:00/input/input0
[    0.417168] ACPI: button: Power Button [PWRB]
[    0.417194] input: Sleep Button as /devices/LNXSYSTM:00/LNXSYBUS:00/PNP0C0E:00/input/input1
[    0.417249] ACPI: button: Sleep Button [SLPB]
[    0.417277] input: Lid Switch as /devices/LNXSYSTM:00/LNXSYBUS:00/PNP0C0D:00/input/input2
[    0.417328] ACPI: button: Lid Switch [LID0]
[    0.417353] input: Power Button as /devices/LNXSYSTM:00/LNXPWRBN:00/input/input3
[    0.417375] ACPI: button: Power Button [PWRF]
[    0.417720] thermal LNXTHERM:00: registered as thermal_zone0
[    0.417722] ACPI: thermal: Thermal Zone [TZ0] (25 C)
[    0.417974] Serial: 8250/16550 driver, 32 ports, IRQ sharing enabled
[    0.418235] ACPI: battery: Slot [BAT0] (battery present)
[    0.419702] Non-volatile memory driver v1.3
[    0.419704] Linux agpgart interface v0.103
[    0.424807] tpm_tis MSFT0101:00: 2.0 TPM (device-id 0x1A, rev-id 16)
[    0.449401] AMD-Vi: AMD IOMMUv2 functionality not available on this system - This is not a bug.
[    0.449470] ACPI: bus type drm_connector registered
[    0.450157] ahci 0000:00:17.0: version 3.0
[    0.450347] ahci 0000:00:17.0: SSS flag set, parallel bus scan disabled
[    0.460466] ahci 0000:00:17.0: AHCI 0001.0301 32 slots 3 ports 6 Gbps 0x5 impl SATA mode
[    0.460469] ahci 0000:00:17.0: flags: 64bit ncq sntf stag pm led clo only pio slum part ems deso sadm sds apst 
[    0.470994] scsi host0: ahci
[    0.471329] scsi host1: ahci
[    0.471641] scsi host2: ahci
[    0.471682] ata1: SATA max UDMA/133 abar m2048@0xdf42b000 port 0xdf42b100 irq 126
[    0.471684] ata2: DUMMY
[    0.471685] ata3: SATA max UDMA/133 abar m2048@0xdf42b000 port 0xdf42b200 irq 126
[    0.471788] usbcore: registered new interface driver usbserial_generic
[    0.471792] usbserial: USB Serial support registered for generic
[    0.471997] rtc_cmos 00:02: RTC can wake from S4
[    0.472662] rtc_cmos 00:02: registered as rtc0
[    0.472787] rtc_cmos 00:02: setting system clock to 2023-07-20T08:53:22 UTC (1689843202)
[    0.472811] rtc_cmos 00:02: alarms up to one month, y3k, 242 bytes nvram
[    0.472929] intel_pstate: Intel P-state driver initializing
[    0.473203] intel_pstate: Disabling energy efficiency optimization
[    0.473203] intel_pstate: HWP enabled
[    0.473265] ledtrig-cpu: registered to indicate activity on CPUs
[    0.473433] efifb: probing for efifb
[    0.473444] efifb: framebuffer at 0xa0000000, using 8128k, total 8128k
[    0.473446] efifb: mode is 1920x1080x32, linelength=7680, pages=1
[    0.473448] efifb: scrolling: redraw
[    0.473448] efifb: Truecolor: size=8:8:8:8, shift=24:16:8:0
[    0.473507] fbcon: Deferring console take-over
[    0.473508] fb0: EFI VGA frame buffer device
[    0.473534] hid: raw HID events driver (C) Jiri Kosina
[    0.473575] resource sanity check: requesting [mem 0xfdffe800-0xfe0007ff], which spans more than pnp 00:07 [mem 0xfdb00000-0xfdffffff]
[    0.473579] caller pmc_core_probe+0xb7/0x6b0 mapping multiple BARs
[    0.473594] intel_pmc_core INT33A1:00:  initialized
[    0.473702] drop_monitor: Initializing network drop monitor service
[    0.494003] Initializing XFRM netlink socket
[    0.494172] NET: Registered PF_INET6 protocol family
[    0.499616] Segment Routing with IPv6
[    0.499619] RPL Segment Routing with IPv6
[    0.499632] In-situ OAM (IOAM) with IPv6
[    0.499670] NET: Registered PF_PACKET protocol family
[    0.500417] microcode: sig=0x906e9, pf=0x20, revision=0x3e
[    0.500472] microcode: Microcode Update Driver: v2.2.
[    0.500480] IPI shorthand broadcast: enabled
[    0.500515] sched_clock: Marking stable (500003795, 403326)->(503569898, -3162777)
[    0.500918] registered taskstats version 1
[    0.501404] Loading compiled-in X.509 certificates
[    0.507082] Loaded X.509 cert 'Build time autogenerated kernel key: ad676c826a3b821e3ffeb952e3297dfe8a8a3f97'
[    0.507603] zswap: loaded using pool lz4/z3fold
[    0.508112] Key type .fscrypt registered
[    0.508115] Key type fscrypt-provisioning registered
[    0.513642] PM:   Magic number: 15:694:877
[    0.513874] RAS: Correctable Errors collector initialized.
[    0.785389] ata1: SATA link up 6.0 Gbps (SStatus 133 SControl 300)
[    0.788033] ata1.00: ATA-9: WDC WDS120G1G0B-00RC30, Z3311000, max UDMA/133
[    0.789479] ata1.00: 234441648 sectors, multi 1: LBA48 NCQ (depth 32), AA
[    0.794418] ata1.00: Features: Dev-Sleep
[    0.805439] ata1.00: configured for UDMA/133
[    0.815657] ahci 0000:00:17.0: port does not support device sleep
[    0.816820] scsi 0:0:0:0: Direct-Access     ATA      WDC WDS120G1G0B- 1000 PQ: 0 ANSI: 5
[    0.817922] sd 0:0:0:0: [sda] 234441648 512-byte logical blocks: (120 GB/112 GiB)
[    0.817943] sd 0:0:0:0: [sda] Write Protect is off
[    0.817949] sd 0:0:0:0: [sda] Mode Sense: 00 3a 00 00
[    0.817989] sd 0:0:0:0: [sda] Write cache: enabled, read cache: enabled, doesn't support DPO or FUA
[    0.818049] sd 0:0:0:0: [sda] Preferred minimum I/O size 512 bytes
[    0.820529]  sda: sda3 sda6
[    0.820892] sd 0:0:0:0: [sda] Attached SCSI disk
[    1.132099] ata3: SATA link up 6.0 Gbps (SStatus 133 SControl 300)
[    1.132775] ata3.00: ATA-10: WDC WD10SPZX-22Z10T1, 04.01A04, max UDMA/133
[    1.134325] ata3.00: 1953525168 sectors, multi 16: LBA48 NCQ (depth 32), AA
[    1.134339] ata3.00: Features: NCQ-prio
[    1.136837] ata3.00: configured for UDMA/133
[    1.137377] scsi 2:0:0:0: Direct-Access     ATA      WDC WD10SPZX-22Z 1A04 PQ: 0 ANSI: 5
[    1.138458] sd 2:0:0:0: [sdb] 1953525168 512-byte logical blocks: (1.00 TB/932 GiB)
[    1.138464] sd 2:0:0:0: [sdb] 4096-byte physical blocks
[    1.138493] sd 2:0:0:0: [sdb] Write Protect is off
[    1.138499] sd 2:0:0:0: [sdb] Mode Sense: 00 3a 00 00
[    1.138602] sd 2:0:0:0: [sdb] Write cache: enabled, read cache: enabled, doesn't support DPO or FUA
[    1.138785] sd 2:0:0:0: [sdb] Preferred minimum I/O size 4096 bytes
[    1.295461]  sdb: sdb1 sdb2 sdb3
[    1.295975] sd 2:0:0:0: [sdb] Attached SCSI disk
[    1.298199] Freeing unused decrypted memory: 2036K
[    1.298855] Freeing unused kernel image (initmem) memory: 2148K
[    1.313918] Write protecting the kernel read-only data: 30720k
[    1.314908] Freeing unused kernel image (text/rodata gap) memory: 2040K
[    1.315378] Freeing unused kernel image (rodata/data gap) memory: 1216K
[    1.361434] x86/mm: Checked W+X mappings: passed, no W+X pages found.
[    1.361438] rodata_test: all tests were successful
[    1.361438] x86/mm: Checking user space page tables
[    1.361449] tsc: Refined TSC clocksource calibration: 2495.999 MHz
[    1.361450] clocksource: tsc: mask: 0xffffffffffffffff max_cycles: 0x23fa763a3d1, max_idle_ns: 440795313647 ns
[    1.361493] clocksource: Switched to clocksource tsc
[    1.403155] x86/mm: Checked W+X mappings: passed, no W+X pages found.
[    1.403168] Run /init as init process
[    1.403169]   with arguments:
[    1.403170]     /init
[    1.403171]   with environment:
[    1.403172]     HOME=/
[    1.403172]     TERM=linux
[    1.403173]     BOOT_IMAGE=/vmlinuz-linux-lts
[    1.461085] fbcon: Taking over console
[    1.461130] Console: switching to colour frame buffer device 240x67
[    1.554001] i8042: PNP: PS/2 Controller [PNP0303:PS2K,PNP0f13:SYNM] at 0x60,0x64 irq 1,12
[    1.561855] i8042: Detected active multiplexing controller, rev 1.1
[    1.566240] serio: i8042 KBD port at 0x60,0x64 irq 1
[    1.566245] serio: i8042 AUX0 port at 0x60,0x64 irq 12
[    1.566279] serio: i8042 AUX1 port at 0x60,0x64 irq 12
[    1.566301] serio: i8042 AUX2 port at 0x60,0x64 irq 12
[    1.566315] serio: i8042 AUX3 port at 0x60,0x64 irq 12
[    1.570083] rtsx_pci 0000:03:00.0: enabling device (0000 -> 0002)
[    1.570194] xhci_hcd 0000:00:14.0: xHCI Host Controller
[    1.570201] xhci_hcd 0000:00:14.0: new USB bus registered, assigned bus number 1
[    1.571393] xhci_hcd 0000:00:14.0: hcc params 0x200077c1 hci version 0x100 quirks 0x0000000001109810
[    1.572126] xhci_hcd 0000:00:14.0: xHCI Host Controller
[    1.572262] xhci_hcd 0000:00:14.0: new USB bus registered, assigned bus number 2
[    1.572266] xhci_hcd 0000:00:14.0: Host supports USB 3.0 SuperSpeed
[    1.572292] usb usb1: New USB device found, idVendor=1d6b, idProduct=0002, bcdDevice= 6.01
[    1.572294] usb usb1: New USB device strings: Mfr=3, Product=2, SerialNumber=1
[    1.572296] usb usb1: Product: xHCI Host Controller
[    1.572297] usb usb1: Manufacturer: Linux 6.1.38-2-lts xhci-hcd
[    1.572298] usb usb1: SerialNumber: 0000:00:14.0
[    1.572593] hub 1-0:1.0: USB hub found
[    1.572712] hub 1-0:1.0: 16 ports detected
[    1.574738] usb usb2: New USB device found, idVendor=1d6b, idProduct=0003, bcdDevice= 6.01
[    1.574741] usb usb2: New USB device strings: Mfr=3, Product=2, SerialNumber=1
[    1.574742] usb usb2: Product: xHCI Host Controller
[    1.574743] usb usb2: Manufacturer: Linux 6.1.38-2-lts xhci-hcd
[    1.574744] usb usb2: SerialNumber: 0000:00:14.0
[    1.575396] hub 2-0:1.0: USB hub found
[    1.575449] hub 2-0:1.0: 8 ports detected
[    1.578530] usb: port power management may be unreliable
[    1.578765] xhci_hcd 0000:02:00.0: xHCI Host Controller
[    1.578769] xhci_hcd 0000:02:00.0: new USB bus registered, assigned bus number 3
[    1.617848] input: AT Translated Set 2 keyboard as /devices/platform/i8042/serio0/input/input4
[    1.637726] xhci_hcd 0000:02:00.0: hcc params 0x0200eec0 hci version 0x110 quirks 0x0000000000800010
[    1.637948] xhci_hcd 0000:02:00.0: xHCI Host Controller
[    1.637952] xhci_hcd 0000:02:00.0: new USB bus registered, assigned bus number 4
[    1.637957] xhci_hcd 0000:02:00.0: Host supports USB 3.1 Enhanced SuperSpeed
[    1.638039] usb usb3: New USB device found, idVendor=1d6b, idProduct=0002, bcdDevice= 6.01
[    1.638042] usb usb3: New USB device strings: Mfr=3, Product=2, SerialNumber=1
[    1.638043] usb usb3: Product: xHCI Host Controller
[    1.638044] usb usb3: Manufacturer: Linux 6.1.38-2-lts xhci-hcd
[    1.638045] usb usb3: SerialNumber: 0000:02:00.0
[    1.638157] hub 3-0:1.0: USB hub found
[    1.638163] hub 3-0:1.0: 2 ports detected
[    1.638345] usb usb4: We don't know the algorithms for LPM for this host, disabling LPM.
[    1.638358] usb usb4: New USB device found, idVendor=1d6b, idProduct=0003, bcdDevice= 6.01
[    1.638360] usb usb4: New USB device strings: Mfr=3, Product=2, SerialNumber=1
[    1.638361] usb usb4: Product: xHCI Host Controller
[    1.638362] usb usb4: Manufacturer: Linux 6.1.38-2-lts xhci-hcd
[    1.638363] usb usb4: SerialNumber: 0000:02:00.0
[    1.638468] hub 4-0:1.0: USB hub found
[    1.638474] hub 4-0:1.0: 2 ports detected
[    1.854701] Console: switching to colour dummy device 80x25
[    1.854720] i915 0000:00:02.0: vgaarb: deactivate vga console
[    1.860078] i915 0000:00:02.0: vgaarb: changed VGA decodes: olddecodes=io+mem,decodes=io+mem:owns=io+mem
[    1.860982] i915 0000:00:02.0: [drm] Finished loading DMC firmware i915/kbl_dmc_ver1_04.bin (v1.4)
[    1.863762] usb 1-2: new high-speed USB device number 2 using xhci_hcd
[    1.897733] i915 0000:00:02.0: [drm] [ENCODER:102:DDI B/PHY B] is disabled/in DSI mode with an ungated DDI clock, gate it
[    2.024604] usb 1-2: New USB device found, idVendor=04f2, idProduct=b59e, bcdDevice=10.19
[    2.024614] usb 1-2: New USB device strings: Mfr=3, Product=1, SerialNumber=2
[    2.024619] usb 1-2: Product: Chicony USB2.0 Camera
[    2.024622] usb 1-2: Manufacturer: Chicony Electronics Co.,Ltd.
[    2.024625] usb 1-2: SerialNumber: 200901010001
[    2.153857] usb 1-3: new full-speed USB device number 3 using xhci_hcd
[    2.295547] usb 1-3: New USB device found, idVendor=8087, idProduct=0a2b, bcdDevice= 0.10
[    2.295557] usb 1-3: New USB device strings: Mfr=0, Product=0, SerialNumber=0
[    2.420655] usb 1-4: new full-speed USB device number 4 using xhci_hcd
[    2.561192] usb 1-4: not running at top speed; connect to a high speed hub
[    2.562762] usb 1-4: New USB device found, idVendor=3299, idProduct=4e5a, bcdDevice= 1.12
[    2.562772] usb 1-4: New USB device strings: Mfr=1, Product=2, SerialNumber=0
[    2.562776] usb 1-4: Product: GK630 Gaming Keyboard
[    2.562779] usb 1-4: Manufacturer: Evision
[    2.573879] input: Evision GK630 Gaming Keyboard as /devices/pci0000:00/0000:00:14.0/usb1/1-4/1-4:1.0/0003:3299:4E5A.0001/input/input9
[    2.631037] hid-generic 0003:3299:4E5A.0001: input,hidraw0: USB HID v1.11 Keyboard [Evision GK630 Gaming Keyboard] on usb-0000:00:14.0-4/input0
[    2.633665] input: Evision GK630 Gaming Keyboard as /devices/pci0000:00/0000:00:14.0/usb1/1-4/1-4:1.1/0003:3299:4E5A.0002/input/input10
[    2.687323] usb 1-7: new full-speed USB device number 5 using xhci_hcd
[    2.687594] input: Evision GK630 Gaming Keyboard as /devices/pci0000:00/0000:00:14.0/usb1/1-4/1-4:1.1/0003:3299:4E5A.0002/input/input11
[    2.687861] input: Evision GK630 Gaming Keyboard Mouse as /devices/pci0000:00/0000:00:14.0/usb1/1-4/1-4:1.1/0003:3299:4E5A.0002/input/input12
[    2.688353] hid-generic 0003:3299:4E5A.0002: input,hiddev96,hidraw1: USB HID v1.11 Keyboard [Evision GK630 Gaming Keyboard] on usb-0000:00:14.0-4/input1
[    2.688424] usbcore: registered new interface driver usbhid
[    2.688428] usbhid: USB HID core driver
[    2.829752] usb 1-7: New USB device found, idVendor=1c7a, idProduct=0603, bcdDevice= 2.00
[    2.829764] usb 1-7: New USB device strings: Mfr=1, Product=2, SerialNumber=0
[    2.829768] usb 1-7: Product: EgisTec_ES603
[    2.829772] usb 1-7: Manufacturer: EgisTec
[    2.953988] usb 1-11: new high-speed USB device number 6 using xhci_hcd
[    3.094442] usb 1-11: New USB device found, idVendor=1a40, idProduct=0101, bcdDevice= 1.11
[    3.094453] usb 1-11: New USB device strings: Mfr=0, Product=1, SerialNumber=0
[    3.094458] usb 1-11: Product: USB 2.0 Hub
[    3.095516] hub 1-11:1.0: USB hub found
[    3.095547] hub 1-11:1.0: 4 ports detected
[    3.490812] usb 1-11.2: new full-speed USB device number 7 using xhci_hcd
[    3.700351] usb 1-11.2: New USB device found, idVendor=145f, idProduct=024f, bcdDevice= 1.05
[    3.700363] usb 1-11.2: New USB device strings: Mfr=1, Product=2, SerialNumber=0
[    3.700368] usb 1-11.2: Product: GXT 161 Gaming Mouse
[    3.700371] usb 1-11.2: Manufacturer: MOSART Semi.
[    3.708164] input: MOSART Semi. GXT 161 Gaming Mouse as /devices/pci0000:00/0000:00:14.0/usb1/1-11/1-11.2/1-11.2:1.0/0003:145F:024F.0003/input/input13
[    3.764616] hid-generic 0003:145F:024F.0003: input,hidraw2: USB HID v1.10 Keyboard [MOSART Semi. GXT 161 Gaming Mouse] on usb-0000:00:14.0-11.2/input0
[    3.767601] input: MOSART Semi. GXT 161 Gaming Mouse as /devices/pci0000:00/0000:00:14.0/usb1/1-11/1-11.2/1-11.2:1.1/0003:145F:024F.0004/input/input14
[    3.767907] input: MOSART Semi. GXT 161 Gaming Mouse Consumer Control as /devices/pci0000:00/0000:00:14.0/usb1/1-11/1-11.2/1-11.2:1.1/0003:145F:024F.0004/input/input15
[    3.824280] input: MOSART Semi. GXT 161 Gaming Mouse System Control as /devices/pci0000:00/0000:00:14.0/usb1/1-11/1-11.2/1-11.2:1.1/0003:145F:024F.0004/input/input16
[    3.824552] input: MOSART Semi. GXT 161 Gaming Mouse as /devices/pci0000:00/0000:00:14.0/usb1/1-11/1-11.2/1-11.2:1.1/0003:145F:024F.0004/input/input17
[    3.824951] hid-generic 0003:145F:024F.0004: input,hiddev97,hidraw3: USB HID v1.10 Mouse [MOSART Semi. GXT 161 Gaming Mouse] on usb-0000:00:14.0-11.2/input1
[    4.100476] [drm] Initialized i915 1.6.0 20201103 for 0000:00:02.0 on minor 0
[    4.106880] ACPI: video: Video Device [GFX0] (multi-head: yes  rom: no  post: no)
[    4.107426] input: Video Bus as /devices/LNXSYSTM:00/LNXSYBUS:00/PNP0A08:00/LNXVIDEO:00/input/input18
[    4.107591] ACPI: video: Video Device [PEGP] (multi-head: no  rom: yes  post: no)
[    4.107628] input: Video Bus as /devices/LNXSYSTM:00/LNXSYBUS:00/PNP0A08:00/device:12/LNXVIDEO:01/input/input19
[    4.140289] fbcon: i915drmfb (fb0) is primary device
[    4.181837] Console: switching to colour frame buffer device 240x67
[    4.202868] i915 0000:00:02.0: [drm] fb0: i915drmfb frame buffer device
[    4.353172] EXT4-fs (sda6): mounted filesystem with ordered data mode. Quota mode: none.
[    4.541034] systemd[1]: systemd 253.6-2-arch running in system mode (+PAM +AUDIT -SELINUX -APPARMOR -IMA +SMACK +SECCOMP +GCRYPT +GNUTLS +OPENSSL +ACL +BLKID +CURL +ELFUTILS +FIDO2 +IDN2 -IDN +IPTC +KMOD +LIBCRYPTSETUP +LIBFDISK +PCRE2 -PWQUALITY +P11KIT -QRENCODE +TPM2 +BZIP2 +LZ4 +XZ +ZLIB +ZSTD +BPF_FRAMEWORK +XKBCOMMON +UTMP -SYSVINIT default-hierarchy=unified)
[    4.541045] systemd[1]: Detected architecture x86-64.
[    4.542562] systemd[1]: Hostname set to <KitKatPC>.
[    5.067269] systemd[1]: bpf-lsm: LSM BPF program attached
[    5.438399] systemd[1]: Queued start job for default target Graphical Interface.
[    5.464649] systemd[1]: Created slice Slice /system/getty.
[    5.465016] systemd[1]: Created slice Slice /system/modprobe.
[    5.465304] systemd[1]: Created slice Slice /system/systemd-fsck.
[    5.465525] systemd[1]: Created slice User and Session Slice.
[    5.465628] systemd[1]: Started Dispatch Password Requests to Console Directory Watch.
[    5.465716] systemd[1]: Started Forward Password Requests to Wall Directory Watch.
[    5.465893] systemd[1]: Set up automount Arbitrary Executable File Formats File System Automount Point.
[    5.465974] systemd[1]: Reached target Local Encrypted Volumes.
[    5.466028] systemd[1]: Reached target Login Prompts.
[    5.466078] systemd[1]: Reached target Local Integrity Protected Volumes.
[    5.466137] systemd[1]: Reached target Remote File Systems.
[    5.466187] systemd[1]: Reached target Slice Units.
[    5.466241] systemd[1]: Reached target Swaps.
[    5.466290] systemd[1]: Reached target Local Verity Protected Volumes.
[    5.466384] systemd[1]: Listening on Device-mapper event daemon FIFOs.
[    5.467393] systemd[1]: Listening on Process Core Dump Socket.
[    5.467537] systemd[1]: Listening on Journal Socket (/dev/log).
[    5.467672] systemd[1]: Listening on Journal Socket.
[    5.468016] systemd[1]: Listening on udev Control Socket.
[    5.468143] systemd[1]: Listening on udev Kernel Socket.
[    5.468834] systemd[1]: Mounting Huge Pages File System...
[    5.469523] systemd[1]: Mounting POSIX Message Queue File System...
[    5.470207] systemd[1]: Mounting Kernel Debug File System...
[    5.470894] systemd[1]: Mounting Kernel Trace File System...
[    5.471812] systemd[1]: Mounting Temporary Directory /tmp...
[    5.472569] systemd[1]: Starting Create List of Static Device Nodes...
[    5.473308] systemd[1]: Starting Load Kernel Module configfs...
[    5.474050] systemd[1]: Starting Load Kernel Module dm_mod...
[    5.474776] systemd[1]: Starting Load Kernel Module drm...
[    5.475535] systemd[1]: Starting Load Kernel Module fuse...
[    5.476319] systemd[1]: Starting Load Kernel Module loop...
[    5.476439] systemd[1]: File System Check on Root Device was skipped because of an unmet condition check (ConditionPathIsReadWrite=!/).
[    5.477599] systemd[1]: Starting Journal Service...
[    5.479178] systemd[1]: Starting Load Kernel Modules...
[    5.479258] systemd[1]: TPM2 PCR Machine ID Measurement was skipped because of an unmet condition check (ConditionPathExists=/sys/firmware/efi/efivars/StubPcrKernelImage-4a67b082-0a4c-41cf-b6c7-440b29bb8c4f).
[    5.479919] systemd[1]: Starting Remount Root and Kernel File Systems...
[    5.484461] systemd[1]: Starting Coldplug All udev Devices...
[    5.487152] loop: module loaded
[    5.488102] systemd[1]: Mounted Huge Pages File System.
[    5.488738] systemd[1]: Mounted POSIX Message Queue File System.
[    5.488891] systemd[1]: Mounted Kernel Debug File System.
[    5.489016] device-mapper: uevent: version 1.0.3
[    5.489223] systemd[1]: Mounted Kernel Trace File System.
[    5.489418] device-mapper: ioctl: 4.47.0-ioctl (2022-07-28) initialised: dm-devel@redhat.com
[    5.489471] systemd-journald[241]: Collecting audit messages is disabled.
[    5.489882] EXT4-fs (sda6): re-mounted. Quota mode: none.
[    5.491912] fuse: init (API version 7.37)
[    5.492606] systemd[1]: Mounted Temporary Directory /tmp.
[    5.513946] systemd[1]: Finished Create List of Static Device Nodes.
[    5.514370] systemd[1]: modprobe@configfs.service: Deactivated successfully.
[    5.527343] systemd[1]: Finished Load Kernel Module configfs.
[    5.527526] systemd[1]: Started Journal Service.
[    5.701124] systemd-journald[241]: Received client request to flush runtime journal.
[    5.726823] systemd-journald[241]: /var/log/journal/db496d2c0db34e0eb10fdf06c286824a/system.journal: Monotonic clock jumped backwards relative to last journal entry, rotating.
[    5.726836] systemd-journald[241]: Rotating system journal.
[    6.036244] mousedev: PS/2 mouse device common for all mice
[    6.138956] FAT-fs (sda3): Volume was not properly unmounted. Some data may be corrupt. Please run fsck.
[    6.219610] mei_me 0000:00:16.0: enabling device (0000 -> 0002)
[    6.220675] input: PC Speaker as /devices/platform/pcspkr/input/input21
[    6.234685] mc: Linux media interface: v0.10
[    6.235847] i801_smbus 0000:00:1f.4: SPD Write Disable is set
[    6.235885] i801_smbus 0000:00:1f.4: SMBus using PCI interrupt
[    6.235927] pci 0000:00:1f.1: [8086:a120] type 00 class 0x058000
[    6.235996] pci 0000:00:1f.1: reg 0x10: [mem 0xfd000000-0xfdffffff 64bit]
[    6.237131] i2c i2c-5: 2/2 memory slots populated (from DMI)
[    6.237744] i2c i2c-5: Successfully instantiated SPD at 0x50
[    6.268316] iTCO_vendor_support: vendor-support=0
[    6.268576] mei_hdcp 0000:00:16.0-b638ab7e-94e2-4ea2-a552-d1c54b627f04: bound 0000:00:02.0 (ops i915_hdcp_component_ops [i915])
[    6.274621] cfg80211: Loading compiled-in X.509 certificates for regulatory database
[    6.283698] cfg80211: Loaded X.509 cert 'sforshee: 00b28ddf47aef9cea7'
[    6.292848] platform regulatory.0: Direct firmware load for regulatory.db failed with error -2
[    6.292852] cfg80211: failed to load regulatory.db
[    6.295483] Bluetooth: Core ver 2.22
[    6.295500] NET: Registered PF_BLUETOOTH protocol family
[    6.295501] Bluetooth: HCI device and connection manager initialized
[    6.295503] Bluetooth: HCI socket layer initialized
[    6.295505] Bluetooth: L2CAP socket layer initialized
[    6.295508] Bluetooth: SCO socket layer initialized
[    6.298001] ee1004 5-0050: 512 byte EE1004-compliant SPD EEPROM, read-only
[    6.298512] RAPL PMU: API unit is 2^-32 Joules, 4 fixed counters, 655360 ms ovfl timer
[    6.298514] RAPL PMU: hw unit of domain pp0-core 2^-14 Joules
[    6.298515] RAPL PMU: hw unit of domain package 2^-14 Joules
[    6.298515] RAPL PMU: hw unit of domain dram 2^-14 Joules
[    6.298516] RAPL PMU: hw unit of domain pp1-gpu 2^-14 Joules
[    6.304822] iTCO_wdt iTCO_wdt: Found a Intel PCH TCO device (Version=4, TCOBASE=0x0400)
[    6.305072] videodev: Linux video capture interface: v2.00
[    6.307396] iTCO_wdt iTCO_wdt: initialized. heartbeat=30 sec (nowayout=0)
[    6.310169] cryptd: max_cpu_qlen set to 1000
[    6.322498] r8169 0000:03:00.1: enabling device (0000 -> 0003)
[    6.322603] r8169 0000:03:00.1: can't disable ASPM; OS doesn't have ASPM control
[    6.334315] AVX2 version of gcm_enc/dec engaged.
[    6.334341] AES CTR mode by8 optimization enabled
[    6.334819] Intel(R) Wireless WiFi driver for Linux
[    6.334866] iwlwifi 0000:04:00.0: enabling device (0000 -> 0002)
[    6.347084] iwlwifi 0000:04:00.0: loaded firmware version 36.ca7b901d.0 8265-36.ucode op_mode iwlmvm
[    6.348867] r8169 0000:03:00.1 eth0: RTL8411b, 80:fa:5b:45:28:54, XID 5c8, IRQ 137
[    6.348871] r8169 0000:03:00.1 eth0: jumbo features [frames: 9194 bytes, tx checksumming: ko]
[    6.355736] usbcore: registered new interface driver btusb
[    6.362837] r8169 0000:03:00.1 enp3s0f1: renamed from eth0
[    6.365568] snd_hda_intel 0000:00:1f.3: enabling device (0000 -> 0002)
[    6.365706] snd_hda_intel 0000:00:1f.3: bound 0000:00:02.0 (ops i915_audio_component_bind_ops [i915])
[    6.365837] snd_hda_intel 0000:01:00.1: enabling device (0000 -> 0002)
[    6.365886] snd_hda_intel 0000:01:00.1: Disabling MSI
[    6.365889] snd_hda_intel 0000:01:00.1: Handle vga_switcheroo audio client
[    6.371325] Bluetooth: hci0: Bootloader revision 0.0 build 26 week 38 2015
[    6.374128] Bluetooth: hci0: Device revision is 16
[    6.374130] Bluetooth: hci0: Secure boot is enabled
[    6.374131] Bluetooth: hci0: OTP lock is enabled
[    6.374131] Bluetooth: hci0: API lock is enabled
[    6.374132] Bluetooth: hci0: Debug lock is disabled
[    6.374133] Bluetooth: hci0: Minimum firmware build 1 week 10 2014
[    6.379242] Bluetooth: hci0: Found device firmware: intel/ibt-12-16.sfi
[    6.477242] input: HDA NVidia HDMI/DP,pcm=3 as /devices/pci0000:00/0000:00:01.0/0000:01:00.1/sound/card1/input23
[    6.477297] input: HDA NVidia HDMI/DP,pcm=7 as /devices/pci0000:00/0000:00:01.0/0000:01:00.1/sound/card1/input24
[    6.477344] input: HDA NVidia HDMI/DP,pcm=8 as /devices/pci0000:00/0000:00:01.0/0000:01:00.1/sound/card1/input25
[    6.477389] input: HDA NVidia HDMI/DP,pcm=9 as /devices/pci0000:00/0000:00:01.0/0000:01:00.1/sound/card1/input26
[    6.503173] iwlwifi 0000:04:00.0: Detected Intel(R) Dual Band Wireless AC 8265, REV=0x230
[    6.503221] thermal thermal_zone2: failed to read out thermal zone (-61)
[    6.504646] usb 1-2: Found UVC 1.00 device Chicony USB2.0 Camera (04f2:b59e)
[    6.505140] snd_hda_codec_realtek hdaudioC0D0: autoconfig for ALC269VC: line_outs=1 (0x14/0x0/0x0/0x0/0x0) type:speaker
[    6.505144] snd_hda_codec_realtek hdaudioC0D0:    speaker_outs=0 (0x0/0x0/0x0/0x0/0x0)
[    6.505145] snd_hda_codec_realtek hdaudioC0D0:    hp_outs=1 (0x15/0x0/0x0/0x0/0x0)
[    6.505147] snd_hda_codec_realtek hdaudioC0D0:    mono: mono_out=0x0
[    6.505148] snd_hda_codec_realtek hdaudioC0D0:    inputs:
[    6.505149] snd_hda_codec_realtek hdaudioC0D0:      Mic=0x18
[    6.505150] snd_hda_codec_realtek hdaudioC0D0:      Internal Mic=0x12
[    6.512849] input: Chicony USB2.0 Camera: Chicony  as /devices/pci0000:00/0000:00:14.0/usb1/1-2/1-2:1.0/input/input27
[    6.513304] usbcore: registered new interface driver uvcvideo
[    6.595026] EXT4-fs (sdb1): mounted filesystem with ordered data mode. Quota mode: none.
[    6.629186] input: HDA Intel PCH Mic as /devices/pci0000:00/0000:00:1f.3/sound/card0/input28
[    6.629218] input: HDA Intel PCH Front Headphone as /devices/pci0000:00/0000:00:1f.3/sound/card0/input29
[    6.629273] input: HDA Intel PCH HDMI/DP,pcm=3 as /devices/pci0000:00/0000:00:1f.3/sound/card0/input30
[    6.629313] input: HDA Intel PCH HDMI/DP,pcm=7 as /devices/pci0000:00/0000:00:1f.3/sound/card0/input31
[    6.629343] input: HDA Intel PCH HDMI/DP,pcm=8 as /devices/pci0000:00/0000:00:1f.3/sound/card0/input32
[    6.654479] iwlwifi 0000:04:00.0: base HW address: 00:28:f8:9f:7a:95, OTP minor version: 0x0
[    6.764176] intel_tcc_cooling: Programmable TCC Offset detected
[    6.776492] ieee80211 phy0: Selected rate control algorithm 'iwl-mvm-rs'
[    6.777643] intel_rapl_common: Found RAPL domain package
[    6.777645] intel_rapl_common: Found RAPL domain core
[    6.777646] intel_rapl_common: Found RAPL domain uncore
[    6.777647] intel_rapl_common: Found RAPL domain dram
[    6.782077] iwlwifi 0000:04:00.0 wlp4s0: renamed from wlan0
[    7.267108] Generic FE-GE Realtek PHY r8169-0-301:00: attached PHY driver (mii_bus:phy_addr=r8169-0-301:00, irq=MAC)
[    7.560547] psmouse serio2: synaptics: queried max coordinates: x [..5674], y [..4764]
[    7.583487] nvidia: loading out-of-tree module taints kernel.
[    7.583496] nvidia: module license 'NVIDIA' taints kernel.
[    7.583497] Disabling lock debugging due to kernel taint
[    7.597184] nvidia: module verification failed: signature and/or required key missing - tainting kernel
[    7.623849] r8169 0000:03:00.1 enp3s0f1: Link is Down
[    7.687245] psmouse serio2: synaptics: queried min coordinates: x [1266..], y [1086..]
[    7.687267] psmouse serio2: synaptics: Your touchpad (PNP: SYN1222 PNP0f13) says it can support a different bus. If i2c-hid and hid-rmi are not used, you might want to try setting psmouse.synaptics_intertouch to 1 and report this to linux-input@vger.kernel.org.
[    7.855419] psmouse serio2: synaptics: Touchpad model: 1, fw: 8.2, id: 0x1e2b1, caps: 0xf00223/0x840300/0x26800/0x0, board id: 3189, fw id: 2302754
[    7.899892] input: SynPS/2 Synaptics TouchPad as /devices/platform/i8042/serio2/input/input22
[    7.961572] Bluetooth: hci0: Waiting for firmware download to complete
[    7.962141] Bluetooth: hci0: Firmware loaded in 1545801 usecs
[    7.962272] Bluetooth: hci0: Waiting for device to boot
[    7.975131] Bluetooth: hci0: Device booted in 12658 usecs
[    7.975138] Bluetooth: hci0: Malformed MSFT vendor event: 0x02
[    7.975384] Bluetooth: hci0: Found Intel DDC parameters: intel/ibt-12-16.ddc
[    7.978170] Bluetooth: hci0: Applying Intel DDC parameters completed
[    7.979173] Bluetooth: hci0: Firmware revision 0.1 build 19 week 44 2021
[    8.043545] nvidia-nvlink: Nvlink Core is being initialized, major device number 234

[    8.044637] nvidia 0000:01:00.0: enabling device (0006 -> 0007)
[    8.161575] NVRM: loading NVIDIA UNIX x86_64 Kernel Module  535.54.03  Tue Jun  6 22:20:39 UTC 2023
[    8.193987] nvidia-modeset: Loading NVIDIA Kernel Mode Setting Driver for UNIX platforms  535.54.03  Tue Jun  6 22:17:39 UTC 2023
[    8.406227] [drm] [nvidia-drm] [GPU ID 0x00000100] Loading driver
[    8.422375] ACPI Warning: \_SB.PCI0.PEG0.PEGP._DSM: Argument #4 type mismatch - Found [Buffer], ACPI requires [Package] (20220331/nsarguments-61)
[    9.082526] [drm] Initialized nvidia-drm 0.0.0 20160202 for 0000:01:00.0 on minor 1
[   10.261707] r8169 0000:03:00.1 enp3s0f1: Link is Up - 1Gbps/Full - flow control rx/tx
[   10.261736] IPv6: ADDRCONF(NETDEV_CHANGE): enp3s0f1: link becomes ready
[   19.735137] systemd-journald[241]: /var/log/journal/db496d2c0db34e0eb10fdf06c286824a/user-1000.journal: Monotonic clock jumped backwards relative to last journal entry, rotating.
[   23.451364] rfkill: input handler disabled
[   26.604208] nvidia_uvm: module uses symbols nvUvmInterfaceDisableAccessCntr from proprietary module nvidia, inheriting taint.
[   26.724389] nvidia-uvm: Loaded the UVM driver, major device number 510.
[  684.508906] usb 3-1: new full-speed USB device number 2 using xhci_hcd
[  684.955166] usb 3-1: New USB device found, idVendor=045e, idProduct=0719, bcdDevice= 1.00
[  684.955172] usb 3-1: New USB device strings: Mfr=1, Product=2, SerialNumber=3
[  684.955173] usb 3-1: Product: Xbox 360 Wireless Receiver for Windows
[  684.955175] usb 3-1: Manufacturer: Microsoft
[  684.955176] usb 3-1: SerialNumber: E1948F10
[  685.020533] usbcore: registered new interface driver xpad
[  686.729152] input: Xbox 360 Wireless Receiver as /devices/pci0000:00/0000:00:1c.0/0000:02:00.0/usb3/3-1/3-1:1.0/input/input35
[ 8047.673515] usb 3-1: USB disconnect, device number 2
[ 8047.673997] xhci_hcd 0000:02:00.0: WARN Event TRB for slot 1 ep 0 with no TDs queued?
[ 8287.980965] perf: interrupt took too long (2508 > 2500), lowering kernel.perf_event_max_sample_rate to 79500
[ 9049.402793] usb 1-11: USB disconnect, device number 6
[ 9049.402803] usb 1-11.2: USB disconnect, device number 7
[ 9091.899983] usb 1-11: new high-speed USB device number 8 using xhci_hcd
[ 9092.043597] usb 1-11: New USB device found, idVendor=1a40, idProduct=0101, bcdDevice= 1.11
[ 9092.043609] usb 1-11: New USB device strings: Mfr=0, Product=1, SerialNumber=0
[ 9092.043614] usb 1-11: Product: USB 2.0 Hub
[ 9092.048489] hub 1-11:1.0: USB hub found
[ 9092.048529] hub 1-11:1.0: 4 ports detected
[ 9092.449990] usb 1-11.2: new full-speed USB device number 9 using xhci_hcd
[ 9092.659250] usb 1-11.2: New USB device found, idVendor=145f, idProduct=024f, bcdDevice= 1.05
[ 9092.659263] usb 1-11.2: New USB device strings: Mfr=1, Product=2, SerialNumber=0
[ 9092.659268] usb 1-11.2: Product: GXT 161 Gaming Mouse
[ 9092.659272] usb 1-11.2: Manufacturer: MOSART Semi.
[ 9092.666501] input: MOSART Semi. GXT 161 Gaming Mouse as /devices/pci0000:00/0000:00:14.0/usb1/1-11/1-11.2/1-11.2:1.0/0003:145F:024F.0005/input/input36
[ 9092.723698] hid-generic 0003:145F:024F.0005: input,hidraw2: USB HID v1.10 Keyboard [MOSART Semi. GXT 161 Gaming Mouse] on usb-0000:00:14.0-11.2/input0
[ 9092.726785] input: MOSART Semi. GXT 161 Gaming Mouse as /devices/pci0000:00/0000:00:14.0/usb1/1-11/1-11.2/1-11.2:1.1/0003:145F:024F.0006/input/input37
[ 9092.727013] input: MOSART Semi. GXT 161 Gaming Mouse Consumer Control as /devices/pci0000:00/0000:00:14.0/usb1/1-11/1-11.2/1-11.2:1.1/0003:145F:024F.0006/input/input38
[ 9092.783512] input: MOSART Semi. GXT 161 Gaming Mouse System Control as /devices/pci0000:00/0000:00:14.0/usb1/1-11/1-11.2/1-11.2:1.1/0003:145F:024F.0006/input/input39
[ 9092.783635] input: MOSART Semi. GXT 161 Gaming Mouse as /devices/pci0000:00/0000:00:14.0/usb1/1-11/1-11.2/1-11.2:1.1/0003:145F:024F.0006/input/input40
[ 9092.783819] hid-generic 0003:145F:024F.0006: input,hiddev97,hidraw3: USB HID v1.10 Mouse [MOSART Semi. GXT 161 Gaming Mouse] on usb-0000:00:14.0-11.2/input1
[ 9099.253638] usb 1-11.2: reset full-speed USB device number 9 using xhci_hcd
[ 9099.449966] usb 1-11.2: device descriptor read/64, error -32
[ 9099.746586] usb 1-11.2: device descriptor read/64, error -32
[ 9100.043248] usb 1-11.2: reset full-speed USB device number 9 using xhci_hcd
[ 9100.239949] usb 1-11.2: device descriptor read/64, error -32
[ 9100.550009] usb 1-11.2: device descriptor read/64, error -32
[ 9100.836650] usb 1-11.2: reset full-speed USB device number 9 using xhci_hcd
[ 9100.836725] usb 1-11.2: Device not responding to setup address.
[ 9101.043334] usb 1-11.2: Device not responding to setup address.
[ 9101.253274] usb 1-11.2: device not accepting address 9, error -71
[ 9101.443270] usb 1-11.2: reset full-speed USB device number 9 using xhci_hcd
[ 9132.756407] usb 3-1: new full-speed USB device number 3 using xhci_hcd
[ 9133.169670] usb 3-1: New USB device found, idVendor=0403, idProduct=6001, bcdDevice= 6.00
[ 9133.169682] usb 3-1: New USB device strings: Mfr=1, Product=2, SerialNumber=3
[ 9133.169687] usb 3-1: Product: FT232R USB UART
[ 9133.169691] usb 3-1: Manufacturer: FTDI
[ 9133.169694] usb 3-1: SerialNumber: A907LL65
[ 9133.239154] usbcore: registered new interface driver ftdi_sio
[ 9133.239183] usbserial: USB Serial support registered for FTDI USB Serial Device
[ 9133.239313] ftdi_sio 3-1:1.0: FTDI USB Serial Device converter detected
[ 9133.239373] usb 3-1: Detected FT232R
[ 9133.246121] usb 3-1: FTDI USB Serial Device converter now attached to ttyUSB0
[ 9159.284418] usb 3-1: USB disconnect, device number 3
[ 9159.285425] ftdi_sio ttyUSB0: error from flowcontrol urb
[ 9159.285866] ftdi_sio ttyUSB0: FTDI USB Serial Device converter now disconnected from ttyUSB0
[ 9159.285904] ftdi_sio 3-1:1.0: device disconnected
[ 9165.139576] usb 3-1: new full-speed USB device number 4 using xhci_hcd
[ 9165.552360] usb 3-1: New USB device found, idVendor=0403, idProduct=6001, bcdDevice= 6.00
[ 9165.552372] usb 3-1: New USB device strings: Mfr=1, Product=2, SerialNumber=3
[ 9165.552377] usb 3-1: Product: FT232R USB UART
[ 9165.552381] usb 3-1: Manufacturer: FTDI
[ 9165.552384] usb 3-1: SerialNumber: A907LL65
[ 9165.567414] ftdi_sio 3-1:1.0: FTDI USB Serial Device converter detected
[ 9165.567475] usb 3-1: Detected FT232R
[ 9165.575816] usb 3-1: FTDI USB Serial Device converter now attached to ttyUSB0
[ 9200.749455] usb 1-4: USB disconnect, device number 4
[ 9204.766103] usb 1-11.1: new full-speed USB device number 10 using xhci_hcd
[ 9204.976407] usb 1-11.1: not running at top speed; connect to a high speed hub
[ 9204.977380] usb 1-11.1: New USB device found, idVendor=3299, idProduct=4e5a, bcdDevice= 1.12
[ 9204.977391] usb 1-11.1: New USB device strings: Mfr=1, Product=2, SerialNumber=0
[ 9204.977396] usb 1-11.1: Product: GK630 Gaming Keyboard
[ 9204.977400] usb 1-11.1: Manufacturer: Evision
[ 9204.985488] input: Evision GK630 Gaming Keyboard as /devices/pci0000:00/0000:00:14.0/usb1/1-11/1-11.1/1-11.1:1.0/0003:3299:4E5A.0007/input/input41
[ 9205.039583] hid-generic 0003:3299:4E5A.0007: input,hidraw0: USB HID v1.11 Keyboard [Evision GK630 Gaming Keyboard] on usb-0000:00:14.0-11.1/input0
[ 9205.041124] input: Evision GK630 Gaming Keyboard as /devices/pci0000:00/0000:00:14.0/usb1/1-11/1-11.1/1-11.1:1.1/0003:3299:4E5A.0008/input/input42
[ 9205.096254] input: Evision GK630 Gaming Keyboard as /devices/pci0000:00/0000:00:14.0/usb1/1-11/1-11.1/1-11.1:1.1/0003:3299:4E5A.0008/input/input43
[ 9205.096379] input: Evision GK630 Gaming Keyboard Mouse as /devices/pci0000:00/0000:00:14.0/usb1/1-11/1-11.1/1-11.1:1.1/0003:3299:4E5A.0008/input/input44
[ 9205.096670] hid-generic 0003:3299:4E5A.0008: input,hiddev96,hidraw1: USB HID v1.11 Keyboard [Evision GK630 Gaming Keyboard] on usb-0000:00:14.0-11.1/input1
[ 9504.538032] usb 1-4: new high-speed USB device number 11 using xhci_hcd
[ 9504.668160] usb 1-4: Device not responding to setup address.
[ 9504.878037] usb 1-4: Device not responding to setup address.
[ 9505.084652] usb 1-4: device not accepting address 11, error -71
[ 9933.641055] usb 1-11: USB disconnect, device number 8
[ 9933.641064] usb 1-11.1: USB disconnect, device number 10
[ 9933.870301] usb 1-11.2: USB disconnect, device number 9
[ 9936.086082] usb 1-4: new high-speed USB device number 13 using xhci_hcd
[ 9936.229650] usb 1-4: New USB device found, idVendor=1a40, idProduct=0101, bcdDevice= 1.11
[ 9936.229663] usb 1-4: New USB device strings: Mfr=0, Product=1, SerialNumber=0
[ 9936.229668] usb 1-4: Product: USB 2.0 Hub
[ 9936.230970] hub 1-4:1.0: USB hub found
[ 9936.231010] hub 1-4:1.0: 4 ports detected
[ 9936.632770] usb 1-4.1: new full-speed USB device number 14 using xhci_hcd
[ 9936.839861] usb 1-4.1: not running at top speed; connect to a high speed hub
[ 9936.841101] usb 1-4.1: New USB device found, idVendor=3299, idProduct=4e5a, bcdDevice= 1.12
[ 9936.841112] usb 1-4.1: New USB device strings: Mfr=1, Product=2, SerialNumber=0
[ 9936.841117] usb 1-4.1: Product: GK630 Gaming Keyboard
[ 9936.841121] usb 1-4.1: Manufacturer: Evision
[ 9936.848626] input: Evision GK630 Gaming Keyboard as /devices/pci0000:00/0000:00:14.0/usb1/1-4/1-4.1/1-4.1:1.0/0003:3299:4E5A.0009/input/input45
[ 9936.906536] hid-generic 0003:3299:4E5A.0009: input,hidraw0: USB HID v1.11 Keyboard [Evision GK630 Gaming Keyboard] on usb-0000:00:14.0-4.1/input0
[ 9936.910141] input: Evision GK630 Gaming Keyboard as /devices/pci0000:00/0000:00:14.0/usb1/1-4/1-4.1/1-4.1:1.1/0003:3299:4E5A.000A/input/input46
[ 9936.969637] input: Evision GK630 Gaming Keyboard as /devices/pci0000:00/0000:00:14.0/usb1/1-4/1-4.1/1-4.1:1.1/0003:3299:4E5A.000A/input/input47
[ 9936.969776] input: Evision GK630 Gaming Keyboard Mouse as /devices/pci0000:00/0000:00:14.0/usb1/1-4/1-4.1/1-4.1:1.1/0003:3299:4E5A.000A/input/input48
[ 9936.970081] hid-generic 0003:3299:4E5A.000A: input,hiddev96,hidraw1: USB HID v1.11 Keyboard [Evision GK630 Gaming Keyboard] on usb-0000:00:14.0-4.1/input1
[ 9937.299453] usb 1-4.2: new full-speed USB device number 15 using xhci_hcd
[ 9937.522201] usb 1-4.2: New USB device found, idVendor=145f, idProduct=024f, bcdDevice= 1.05
[ 9937.522214] usb 1-4.2: New USB device strings: Mfr=1, Product=2, SerialNumber=0
[ 9937.522219] usb 1-4.2: Product: GXT 161 Gaming Mouse
[ 9937.522223] usb 1-4.2: Manufacturer: MOSART Semi.
[ 9937.530193] input: MOSART Semi. GXT 161 Gaming Mouse as /devices/pci0000:00/0000:00:14.0/usb1/1-4/1-4.2/1-4.2:1.0/0003:145F:024F.000B/input/input49
[ 9937.589793] hid-generic 0003:145F:024F.000B: input,hidraw2: USB HID v1.10 Keyboard [MOSART Semi. GXT 161 Gaming Mouse] on usb-0000:00:14.0-4.2/input0
[ 9937.592578] input: MOSART Semi. GXT 161 Gaming Mouse as /devices/pci0000:00/0000:00:14.0/usb1/1-4/1-4.2/1-4.2:1.1/0003:145F:024F.000C/input/input50
[ 9937.592821] input: MOSART Semi. GXT 161 Gaming Mouse Consumer Control as /devices/pci0000:00/0000:00:14.0/usb1/1-4/1-4.2/1-4.2:1.1/0003:145F:024F.000C/input/input51
[ 9937.652933] input: MOSART Semi. GXT 161 Gaming Mouse System Control as /devices/pci0000:00/0000:00:14.0/usb1/1-4/1-4.2/1-4.2:1.1/0003:145F:024F.000C/input/input52
[ 9937.653197] input: MOSART Semi. GXT 161 Gaming Mouse as /devices/pci0000:00/0000:00:14.0/usb1/1-4/1-4.2/1-4.2:1.1/0003:145F:024F.000C/input/input53
[ 9937.653388] hid-generic 0003:145F:024F.000C: input,hiddev97,hidraw3: USB HID v1.10 Mouse [MOSART Semi. GXT 161 Gaming Mouse] on usb-0000:00:14.0-4.2/input1
[ 9959.729317] usb 1-11: new high-speed USB device number 16 using xhci_hcd
[ 9959.856125] usb 1-11: Device not responding to setup address.
[ 9960.065964] usb 1-11: Device not responding to setup address.
[ 9960.272613] usb 1-11: device not accepting address 16, error -71
[10121.259979] usb 1-4: USB disconnect, device number 13
[10121.259989] usb 1-4.1: USB disconnect, device number 14
[10121.514294] usb 1-4.2: USB disconnect, device number 15
[10173.758360] usb 1-11: new high-speed USB device number 18 using xhci_hcd
[10173.885051] usb 1-11: Device not responding to setup address.
[10174.095037] usb 1-11: Device not responding to setup address.
[10174.301750] usb 1-11: device not accepting address 18, error -71
[10197.464931] usb 1-4: new high-speed USB device number 20 using xhci_hcd
[10197.591758] usb 1-4: Device not responding to setup address.
[10197.798315] usb 1-4: Device not responding to setup address.
[10198.008236] usb 1-4: device not accepting address 20, error -71
[10258.351341] usb 1-4: new high-speed USB device number 22 using xhci_hcd
[10258.491616] usb 1-4: New USB device found, idVendor=1a40, idProduct=0101, bcdDevice= 1.11
[10258.491622] usb 1-4: New USB device strings: Mfr=0, Product=1, SerialNumber=0
[10258.491624] usb 1-4: Product: USB 2.0 Hub
[10258.492334] hub 1-4:1.0: USB hub found
[10258.492353] hub 1-4:1.0: 4 ports detected
[10258.891386] usb 1-4.1: new full-speed USB device number 23 using xhci_hcd
[10259.105210] usb 1-4.1: not running at top speed; connect to a high speed hub
[10259.106445] usb 1-4.1: New USB device found, idVendor=3299, idProduct=4e5a, bcdDevice= 1.12
[10259.106456] usb 1-4.1: New USB device strings: Mfr=1, Product=2, SerialNumber=0
[10259.106461] usb 1-4.1: Product: GK630 Gaming Keyboard
[10259.106464] usb 1-4.1: Manufacturer: Evision
[10259.112939] input: Evision GK630 Gaming Keyboard as /devices/pci0000:00/0000:00:14.0/usb1/1-4/1-4.1/1-4.1:1.0/0003:3299:4E5A.000D/input/input54
[10259.168490] hid-generic 0003:3299:4E5A.000D: input,hidraw0: USB HID v1.11 Keyboard [Evision GK630 Gaming Keyboard] on usb-0000:00:14.0-4.1/input0
[10259.171931] input: Evision GK630 Gaming Keyboard as /devices/pci0000:00/0000:00:14.0/usb1/1-4/1-4.1/1-4.1:1.1/0003:3299:4E5A.000E/input/input55
[10259.228234] input: Evision GK630 Gaming Keyboard as /devices/pci0000:00/0000:00:14.0/usb1/1-4/1-4.1/1-4.1:1.1/0003:3299:4E5A.000E/input/input56
[10259.228356] input: Evision GK630 Gaming Keyboard Mouse as /devices/pci0000:00/0000:00:14.0/usb1/1-4/1-4.1/1-4.1:1.1/0003:3299:4E5A.000E/input/input57
[10259.228649] hid-generic 0003:3299:4E5A.000E: input,hiddev96,hidraw1: USB HID v1.11 Keyboard [Evision GK630 Gaming Keyboard] on usb-0000:00:14.0-4.1/input1
[10259.564649] usb 1-4.2: new full-speed USB device number 24 using xhci_hcd
[10259.761376] usb 1-4.2: device descriptor read/64, error -32
